Component: ARM Compiler 5.06 update 6 (build 750) Tool: armlink [4d35ed]

==============================================================================

Section Cross References

    mew_buff.o(i.mew_buff_EndWith) refers to memcmp.o(.text) for memcmp
    mew_buff.o(i.mew_buff_Init) refers to h1_alloc.o(.text) for malloc
    mew_buff.o(i.mew_buff_OffsetWith) refers to memcmp.o(.text) for memcmp
    mew_buff.o(i.mew_buff_Search) refers to memcmp.o(.text) for memcmp
    mew_buff.o(i.mew_buff_SearchFrom) refers to memcmp.o(.text) for memcmp
    mew_buff.o(i.mew_buff_StartWith) refers to memcmp.o(.text) for memcmp
    mew_stm32.o(i.SysTick_Handler) refers to mew_stm32.o(.bss) for mew_stm32
    mew_stm32.o(i.TIM4_IRQHandler) refers to stm32f10x_tim.o(i.TIM_GetITStatus) for TIM_GetITStatus
    mew_stm32.o(i.TIM4_IRQHandler) refers to stm32f10x_tim.o(i.TIM_ClearITPendingBit) for TIM_ClearITPendingBit
    mew_stm32.o(i.USART1_IRQHandler) refers to stm32f10x_usart.o(i.USART_GetITStatus) for USART_GetITStatus
    mew_stm32.o(i.USART1_IRQHandler) refers to stm32f10x_usart.o(i.USART_ReceiveData) for USART_ReceiveData
    mew_stm32.o(i.USART1_IRQHandler) refers to mew_board.o(i.mew_stm32_UARTRecvByte_Hook) for mew_stm32_UARTRecvByte_Hook
    mew_stm32.o(i.USART1_IRQHandler) refers to mew_board.o(i.mew_stm32_UARTRecvDone_Hook) for mew_stm32_UARTRecvDone_Hook
    mew_stm32.o(i.USART2_IRQHandler) refers to stm32f10x_usart.o(i.USART_GetITStatus) for USART_GetITStatus
    mew_stm32.o(i.USART2_IRQHandler) refers to stm32f10x_usart.o(i.USART_ReceiveData) for USART_ReceiveData
    mew_stm32.o(i.USART2_IRQHandler) refers to mew_board.o(i.mew_stm32_UARTRecvByte_Hook) for mew_stm32_UARTRecvByte_Hook
    mew_stm32.o(i.USART2_IRQHandler) refers to mew_board.o(i.mew_stm32_UARTRecvDone_Hook) for mew_stm32_UARTRecvDone_Hook
    mew_stm32.o(i.USART3_IRQHandler) refers to stm32f10x_usart.o(i.USART_GetITStatus) for USART_GetITStatus
    mew_stm32.o(i.USART3_IRQHandler) refers to stm32f10x_usart.o(i.USART_ReceiveData) for USART_ReceiveData
    mew_stm32.o(i.USART3_IRQHandler) refers to mew_board.o(i.mew_stm32_UARTRecvByte_Hook) for mew_stm32_UARTRecvByte_Hook
    mew_stm32.o(i.USART3_IRQHandler) refers to mew_board.o(i.mew_stm32_UARTRecvDone_Hook) for mew_stm32_UARTRecvDone_Hook
    mew_stm32.o(i.mew_stm32_ADC1Init) refers to stm32f10x_adc.o(i.ADC_Init) for ADC_Init
    mew_stm32.o(i.mew_stm32_ADC1Init) refers to stm32f10x_adc.o(i.ADC_Cmd) for ADC_Cmd
    mew_stm32.o(i.mew_stm32_ADC1Init) refers to stm32f10x_adc.o(i.ADC_ResetCalibration) for ADC_ResetCalibration
    mew_stm32.o(i.mew_stm32_ADC1Init) refers to stm32f10x_adc.o(i.ADC_GetResetCalibrationStatus) for ADC_GetResetCalibrationStatus
    mew_stm32.o(i.mew_stm32_ADC1Init) refers to stm32f10x_adc.o(i.ADC_StartCalibration) for ADC_StartCalibration
    mew_stm32.o(i.mew_stm32_ADC1Init) refers to stm32f10x_adc.o(i.ADC_GetCalibrationStatus) for ADC_GetCalibrationStatus
    mew_stm32.o(i.mew_stm32_ADCRead) refers to stm32f10x_adc.o(i.ADC_RegularChannelConfig) for ADC_RegularChannelConfig
    mew_stm32.o(i.mew_stm32_ADCRead) refers to stm32f10x_adc.o(i.ADC_SoftwareStartConvCmd) for ADC_SoftwareStartConvCmd
    mew_stm32.o(i.mew_stm32_ADCRead) refers to stm32f10x_adc.o(i.ADC_GetFlagStatus) for ADC_GetFlagStatus
    mew_stm32.o(i.mew_stm32_ADCRead) refers to stm32f10x_adc.o(i.ADC_GetConversionValue) for ADC_GetConversionValue
    mew_stm32.o(i.mew_stm32_DelayMS) refers to mew_stm32.o(.bss) for mew_stm32
    mew_stm32.o(i.mew_stm32_DelayMS) refers to mew_stm32.o(.data) for delayStart
    mew_stm32.o(i.mew_stm32_Init) refers to mew_stm32.o(i.mew_stm32_RCCInit) for mew_stm32_RCCInit
    mew_stm32.o(i.mew_stm32_Init) refers to mew_stm32.o(i.mew_stm32_PINsInit) for mew_stm32_PINsInit
    mew_stm32.o(i.mew_stm32_Init) refers to mew_stm32.o(i.mew_stm32_UART1Init) for mew_stm32_UART1Init
    mew_stm32.o(i.mew_stm32_Init) refers to mew_stm32.o(i.mew_stm32_UART2Init) for mew_stm32_UART2Init
    mew_stm32.o(i.mew_stm32_Init) refers to mew_stm32.o(i.mew_stm32_UART3Init) for mew_stm32_UART3Init
    mew_stm32.o(i.mew_stm32_Init) refers to mew_stm32.o(i.mew_stm32_ADC1Init) for mew_stm32_ADC1Init
    mew_stm32.o(i.mew_stm32_Init) refers to mew_stm32.o(i.mew_stm32_SystickInit) for mew_stm32_SystickInit
    mew_stm32.o(i.mew_stm32_Init) refers to mew_stm32.o(i.mew_stm32_DelayMS) for mew_stm32_DelayMS
    mew_stm32.o(i.mew_stm32_Init) refers to mew_stm32.o(.bss) for mew_stm32
    mew_stm32.o(i.mew_stm32_Init) refers to mew_stm32.o(i.mew_stm32_UARTSendByte) for mew_stm32_UARTSendByte
    mew_stm32.o(i.mew_stm32_Init) refers to mew_stm32.o(i.mew_stm32_UARTSendString) for mew_stm32_UARTSendString
    mew_stm32.o(i.mew_stm32_Init) refers to mew_stm32.o(i.mew_stm32_DACWrite) for mew_stm32_DACWrite
    mew_stm32.o(i.mew_stm32_Init) refers to mew_stm32.o(i.mew_stm32_ADCRead) for mew_stm32_ADCRead
    mew_stm32.o(i.mew_stm32_Init) refers to mew_stm32.o(i.mew_stm32_PortAWrite) for mew_stm32_PortAWrite
[...]
    _printf_truncate_signed                   - Undefined Weak Reference
    _printf_truncate_unsigned                 - Undefined Weak Reference
    _rand_init                                - Undefined Weak Reference
    _scanf_int                                - Undefined Weak Reference
    _scanf_longlong                           - Undefined Weak Reference
    _scanf_mbtowc                             - Undefined Weak Reference
    _scanf_string                             - Undefined Weak Reference
    _scanf_wctomb                             - Undefined Weak Reference
    _scanf_wstring                            - Undefined Weak Reference
    _signal_finish                            - Undefined Weak Reference
    _signal_init                              - Undefined Weak Reference
    _terminateio                              - Undefined Weak Reference
    __Vectors_Size                           0x000000ec   Number         0  startup_stm32f10x_md.o ABSOLUTE
    __Vectors                                0x08000000   Data           4  startup_stm32f10x_md.o(RESET)
    __Vectors_End                            0x080000ec   Data           0  startup_stm32f10x_md.o(RESET)
    __main                                   0x080000ed   Thumb Code     8  __main.o(!!!main)
    __scatterload                            0x080000f5   Thumb Code     0  __scatter.o(!!!scatter)
    __scatterload_rt2                        0x080000f5   Thumb Code    44  __scatter.o(!!!scatter)
    __scatterload_rt2_thumb_only             0x080000f5   Thumb Code     0  __scatter.o(!!!scatter)
    __scatterload_null                       0x08000103   Thumb Code     0  __scatter.o(!!!scatter)
    __scatterload_copy                       0x08000129   Thumb Code    26  __scatter_copy.o(!!handler_copy)
    __scatterload_zeroinit                   0x08000145   Thumb Code    28  __scatter_zi.o(!!handler_zi)
    _printf_f                                0x08000161   Thumb Code     0  _printf_f.o(.ARM.Collect$$_printf_percent$$00000003)
    _printf_percent                          0x08000161   Thumb Code     0  _printf_percent.o(.ARM.Collect$$_printf_percent$$00000000)
    _printf_g                                0x08000167   Thumb Code     0  _printf_g.o(.ARM.Collect$$_printf_percent$$00000005)
    _printf_d                                0x0800016d   Thumb Code     0  _printf_d.o(.ARM.Collect$$_printf_percent$$00000009)
    _printf_x                                0x08000173   Thumb Code     0  _printf_x.o(.ARM.Collect$$_printf_percent$$0000000C)
    _printf_s                                0x08000179   Thumb Code     0  _printf_s.o(.ARM.Collect$$_printf_percent$$00000014)
    _printf_percent_end                      0x0800017f   Thumb Code     0  _printf_percent_end.o(.ARM.Collect$$_printf_percent$$00000017)
    __rt_lib_init                            0x08000183   Thumb Code     0  libinit.o(.ARM.Collect$$libinit$$00000000)
    __rt_lib_init_fp_1                       0x08000185   Thumb Code     0  libinit2.o(.ARM.Collect$$libinit$$00000002)
    __rt_lib_init_heap_2                     0x08000185   Thumb Code     0  libinit2.o(.ARM.Collect$$libinit$$00000005)
    __rt_lib_init_preinit_1                  0x08000185   Thumb Code     0  libinit2.o(.ARM.Collect$$libinit$$00000004)
    __rt_lib_init_heap_1                     0x0800018d   Thumb Code     0  libinit2.o(.ARM.Collect$$libinit$$0000000A)
    __rt_lib_init_lc_common                  0x0800018d   Thumb Code     0  libinit2.o(.ARM.Collect$$libinit$$0000000F)
    __rt_lib_init_rand_1                     0x0800018d   Thumb Code     0  libinit2.o(.ARM.Collect$$libinit$$0000000E)
    __rt_lib_init_user_alloc_1               0x0800018d   Thumb Code     0  libinit2.o(.ARM.Collect$$libinit$$0000000C)
    __rt_lib_init_lc_collate_1               0x08000193   Thumb Code     0  libinit2.o(.ARM.Collect$$libinit$$00000011)
    __rt_lib_init_lc_ctype_2                 0x08000193   Thumb Code     0  libinit2.o(.ARM.Collect$$libinit$$00000012)
    __rt_lib_init_lc_ctype_1                 0x0800019f   Thumb Code     0  libinit2.o(.ARM.Collect$$libinit$$00000013)
    __rt_lib_init_lc_monetary_1              0x0800019f   Thumb Code     0  libinit2.o(.ARM.Collect$$libinit$$00000015)
    __rt_lib_init_lc_numeric_2               0x0800019f   Thumb Code     0  libinit2.o(.ARM.Collect$$libinit$$00000016)
    __rt_lib_init_alloca_1                   0x080001a9   Thumb Code     0  libinit2.o(.ARM.Collect$$libinit$$0000002E)
    __rt_lib_init_argv_1                     0x080001a9   Thumb Code     0  libinit2.o(.ARM.Collect$$libinit$$0000002C)
    __rt_lib_init_atexit_1                   0x080001a9   Thumb Code     0  libinit2.o(.ARM.Collect$$libinit$$0000001B)
    __rt_lib_init_clock_1                    0x080001a9   Thumb Code     0  libinit2.o(.ARM.Collect$$libinit$$00000021)
    __rt_lib_init_cpp_1                      0x080001a9   Thumb Code     0  libinit2.o(.ARM.Collect$$libinit$$00000032)
    __rt_lib_init_exceptions_1               0x080001a9   Thumb Code     0  libinit2.o(.ARM.Collect$$libinit$$00000030)
    __rt_lib_init_fp_trap_1                  0x080001a9   Thumb Code     0  libinit2.o(.ARM.Collect$$libinit$$0000001F)
    __rt_lib_init_getenv_1                   0x080001a9   Thumb Code     0  libinit2.o(.ARM.Collect$$libinit$$00000023)
    __rt_lib_init_lc_numeric_1               0x080001a9   Thumb Code     0  libinit2.o(.ARM.Collect$$libinit$$00000017)
    __rt_lib_init_lc_time_1                  0x080001a9   Thumb Code     0  libinit2.o(.ARM.Collect$$libinit$$00000019)
    __rt_lib_init_return                     0x080001a9   Thumb Code     0  libinit2.o(.ARM.Collect$$libinit$$00000033)
    __rt_lib_init_signal_1                   0x080001a9   Thumb Code     0  libinit2.o(.ARM.Collect$$libinit$$0000001D)
    __rt_lib_init_stdio_1                    0x080001a9   Thumb Code     0  libinit2.o(.ARM.Collect$$libinit$$00000025)
    __rt_lib_shutdown                        0x080001ab   Thumb Code     0  libshutdown.o(.ARM.Collect$$libshutdown$$00000000)
    __rt_lib_shutdown_cpp_1                  0x080001ad   Thumb Code     0  libshutdown2.o(.ARM.Collect$$libshutdown$$00000002)
    __rt_lib_shutdown_fp_trap_1              0x080001ad   Thumb Code     0  libshutdown2.o(.ARM.Collect$$libshutdown$$00000007)
    __rt_lib_shutdown_heap_1                 0x080001ad   Thumb Code     0  libshutdown2.o(.ARM.Collect$$libshutdown$$0000000F)
    __rt_lib_shutdown_return                 0x080001ad   Thumb Code     0  libshutdown2.o(.ARM.Collect$$libshutdown$$00000010)
    __rt_lib_shutdown_signal_1               0x080001ad   Thumb Code     0  libshutdown2.o(.ARM.Collect$$libshutdown$$0000000A)
    __rt_lib_shutdown_stdio_1                0x080001ad   Thumb Code     0  libshutdown2.o(.ARM.Collect$$libshutdown$$00000004)
    __rt_lib_shutdown_user_alloc_1           0x080001ad   Thumb Code     0  libshutdown2.o(.ARM.Collect$$libshutdown$$0000000C)
    __rt_entry                               0x080001af   Thumb Code     0  __rtentry.o(.ARM.Collect$$rtentry$$00000000)
    __rt_entry_presh_1                       0x080001af   Thumb Code     0  __rtentry2.o(.ARM.Collect$$rtentry$$00000002)
    __rt_entry_sh                            0x080001af   Thumb Code     0  __rtentry4.o(.ARM.Collect$$rtentry$$00000004)
    __rt_entry_li                            0x080001b5   Thumb Code     0  __rtentry2.o(.ARM.Collect$$rtentry$$0000000A)
    __rt_entry_postsh_1                      0x080001b5   Thumb Code     0  __rtentry2.o(.ARM.Collect$$rtentry$$00000009)
    __rt_entry_main                          0x080001b9   Thumb Code     0  __rtentry2.o(.ARM.Collect$$rtentry$$0000000D)
    __rt_entry_postli_1                      0x080001b9   Thumb Code     0  __rtentry2.o(.ARM.Collect$$rtentry$$0000000C)
    __rt_exit                                0x080001c1   Thumb Code     0  rtexit.o(.ARM.Collect$$rtexit$$00000000)
    __rt_exit_ls                             0x080001c3   Thumb Code     0  rtexit2.o(.ARM.Collect$$rtexit$$00000003)
    __rt_exit_prels_1                        0x080001c3   Thumb Code     0  rtexit2.o(.ARM.Collect$$rtexit$$00000002)
    __rt_exit_exit                           0x080001c7   Thumb Code     0  rtexit2.o(.ARM.Collect$$rtexit$$00000004)
    Reset_Handler                            0x080001cd   Thumb Code     8  startup_stm32f10x_md.o(.text)
    _maybe_terminate_alloc                   0x080001cd   Thumb Code     0  maybetermalloc1.o(.emb_text)
    ADC1_2_IRQHandler                        0x080001e7   Thumb Code     0  startup_stm32f10x_md.o(.text)
    CAN1_RX1_IRQHandler                      0x080001e7   Thumb Code     0  startup_stm32f10x_md.o(.text)
    CAN1_SCE_IRQHandler                      0x080001e7   Thumb Code     0  startup_stm32f10x_md.o(.text)
    DMA1_Channel1_IRQHandler                 0x080001e7   Thumb Code     0  startup_stm32f10x_md.o(.text)
    DMA1_Channel2_IRQHandler                 0x080001e7   Thumb Code     0  startup_stm32f10x_md.o(.text)
    DMA1_Channel3_IRQHandler                 0x080001e7   Thumb Code     0  startup_stm32f10x_md.o(.text)
    DMA1_Channel4_IRQHandler                 0x080001e7   Thumb Code     0  startup_stm32f10x_md.o(.text)
    DMA1_Channel5_IRQHandler                 0x080001e7   Thumb Code     0  startup_stm32f10x_md.o(.text)
    DMA1_Channel6_IRQHandler                 0x080001e7   Thumb Code     0  startup_stm32f10x_md.o(.text)
    DMA1_Channel7_IRQHandler                 0x080001e7   Thumb Code     0  startup_stm32f10x_md.o(.text)
    EXTI0_IRQHandler                         0x080001e7   Thumb Code     0  startup_stm32f10x_md.o(.text)
    EXTI15_10_IRQHandler                     0x080001e7   Thumb Code     0  startup_stm32f10x_md.o(.text)
    EXTI1_IRQHandler                         0x080001e7   Thumb Code     0  startup_stm32f10x_md.o(.text)
    EXTI2_IRQHandler                         0x080001e7   Thumb Code     0  startup_stm32f10x_md.o(.text)
    EXTI3_IRQHandler                         0x080001e7   Thumb Code     0  startup_stm32f10x_md.o(.text)
    EXTI4_IRQHandler                         0x080001e7   Thumb Code     0  startup_stm32f10x_md.o(.text)
    EXTI9_5_IRQHandler                       0x080001e7   Thumb Code     0  startup_stm32f10x_md.o(.text)
    FLASH_IRQHandler                         0x080001e7   Thumb Code     0  startup_stm32f10x_md.o(.text)
    I2C1_ER_IRQHandler                       0x080001e7   Thumb Code     0  startup_stm32f10x_md.o(.text)
    I2C1_EV_IRQHandler                       0x080001e7   Thumb Code     0  startup_stm32f10x_md.o(.text)
    I2C2_ER_IRQHandler                       0x080001e7   Thumb Code     0  startup_stm32f10x_md.o(.text)
    I2C2_EV_IRQHandler                       0x080001e7   Thumb Code     0  startup_stm32f10x_md.o(.text)
    PVD_IRQHandler                           0x080001e7   Thumb Code     0  startup_stm32f10x_md.o(.text)
    RCC_IRQHandler                           0x080001e7   Thumb Code     0  startup_stm32f10x_md.o(.text)
    RTCAlarm_IRQHandler                      0x080001e7   Thumb Code     0  startup_stm32f10x_md.o(.text)
    RTC_IRQHandler                           0x080001e7   Thumb Code     0  startup_stm32f10x_md.o(.text)
    SPI1_IRQHandler                          0x080001e7   Thumb Code     0  startup_stm32f10x_md.o(.text)
    SPI2_IRQHandler                          0x080001e7   Thumb Code     0  startup_stm32f10x_md.o(.text)
    TAMPER_IRQHandler                        0x080001e7   Thumb Code     0  startup_stm32f10x_md.o(.text)
    TIM1_BRK_IRQHandler                      0x080001e7   Thumb Code     0  startup_stm32f10x_md.o(.text)
    TIM1_CC_IRQHandler                       0x080001e7   Thumb Code     0  startup_stm32f10x_md.o(.text)
    TIM1_TRG_COM_IRQHandler                  0x080001e7   Thumb Code     0  startup_stm32f10x_md.o(.text)
    TIM1_UP_IRQHandler                       0x080001e7   Thumb Code     0  startup_stm32f10x_md.o(.text)
    TIM2_IRQHandler                          0x080001e7   Thumb Code     0  startup_stm32f10x_md.o(.text)
    TIM3_IRQHandler                          0x080001e7   Thumb Code     0  startup_stm32f10x_md.o(.text)
    USBWakeUp_IRQHandler                     0x080001e7   Thumb Code     0  startup_stm32f10x_md.o(.text)
    USB_HP_CAN1_TX_IRQHandler                0x080001e7   Thumb Code     0  startup_stm32f10x_md.o(.text)
    USB_LP_CAN1_RX0_IRQHandler               0x080001e7   Thumb Code     0  startup_stm32f10x_md.o(.text)
    WWDG_IRQHandler                          0x080001e7   Thumb Code     0  startup_stm32f10x_md.o(.text)
    __user_initial_stackheap                 0x080001e9   Thumb Code     0  startup_stm32f10x_md.o(.text)
    malloc                                   0x0800020d   Thumb Code    94  h1_alloc.o(.text)
    free                                     0x0800026b   Thumb Code    78  h1_free.o(.text)
    realloc                                  0x080002b9   Thumb Code   184  h1_realloc.o(.text)
    tolower                                  0x08000371   Thumb Code    26  tolower.o(.text)
    __2sprintf                               0x0800038d   Thumb Code    38  __2sprintf.o(.text)
    _printf_pre_padding                      0x080003b9   Thumb Code    44  _printf_pad.o(.text)
    _printf_post_padding                     0x080003e5   Thumb Code    34  _printf_pad.o(.text)
    _printf_str                              0x08000407   Thumb Code    82  _printf_str.o(.text)
    _printf_int_dec                          0x08000459   Thumb Code   104  _printf_dec.o(.text)
    _printf_int_hex                          0x080004d1   Thumb Code    84  _printf_hex_int.o(.text)
    _printf_longlong_hex                     0x080004d1   Thumb Code     0  _printf_hex_int.o(.text)
    __printf                                 0x08000529   Thumb Code   388  __printf_flags_ss_wp.o(.text)
    __0sscanf                                0x080006b1   Thumb Code    52  __0sscanf.o(.text)
    atoi                                     0x080006ed   Thumb Code    26  atoi.o(.text)
    strstr                                   0x08000707   Thumb Code    36  strstr.o(.text)
    memcmp                                   0x0800072b   Thumb Code    88  memcmp.o(.text)
    strcpy                                   0x08000783   Thumb Code    72  strcpy.o(.text)
    strlen                                   0x080007cb   Thumb Code    62  strlen.o(.text)
    strncmp                                  0x08000809   Thumb Code   150  strncmp.o(.text)
    __aeabi_memcpy                           0x0800089f   Thumb Code     0  rt_memcpy_v6.o(.text)
    __rt_memcpy                              0x0800089f   Thumb Code   138  rt_memcpy_v6.o(.text)
    _memcpy_lastbytes                        0x08000905   Thumb Code     0  rt_memcpy_v6.o(.text)
    __aeabi_memcpy4                          0x08000929   Thumb Code     0  rt_memcpy_w.o(.text)
    __aeabi_memcpy8                          0x08000929   Thumb Code     0  rt_memcpy_w.o(.text)
    __rt_memcpy_w                            0x08000929   Thumb Code   100  rt_memcpy_w.o(.text)
    _memcpy_lastbytes_aligned                0x08000971   Thumb Code     0  rt_memcpy_w.o(.text)
    __aeabi_memclr                           0x0800098d   Thumb Code     0  rt_memclr.o(.text)
    __rt_memclr                              0x0800098d   Thumb Code    68  rt_memclr.o(.text)
    _memset                                  0x08000991   Thumb Code     0  rt_memclr.o(.text)
    __aeabi_memclr4                          0x080009d1   Thumb Code     0  rt_memclr_w.o(.text)
    __aeabi_memclr8                          0x080009d1   Thumb Code     0  rt_memclr_w.o(.text)
    __rt_memclr_w                            0x080009d1   Thumb Code    78  rt_memclr_w.o(.text)
    _memset_w                                0x080009d5   Thumb Code     0  rt_memclr_w.o(.text)
    strcmp                                   0x08000a21   Thumb Code   128  strcmpv7m.o(.text)
    __use_two_region_memory                  0x08000aa1   Thumb Code     2  heapauxi.o(.text)
    __rt_heap_escrow                         0x08000aa3   Thumb Code     2  heapauxi.o(.text)
    __rt_heap_expand                         0x08000aa5   Thumb Code     2  heapauxi.o(.text)
    __rt_ctype_table                         0x08000aa9   Thumb Code    16  rt_ctype_table.o(.text)
    __rt_heap_descriptor                     0x08000ab9   Thumb Code     8  rt_heap_descriptor_intlibspace.o(.text)
    __aeabi_errno_addr                       0x08000ac1   Thumb Code     8  rt_errno_addr_intlibspace.o(.text)
    __errno$intlibspace                      0x08000ac1   Thumb Code     0  rt_errno_addr_intlibspace.o(.text)
    __rt_errno_addr$intlibspace              0x08000ac1   Thumb Code     0  rt_errno_addr_intlibspace.o(.text)
    __use_no_heap                            0x08000ac9   Thumb Code     2  hguard.o(.text)
    __heap$guard                             0x08000acb   Thumb Code     2  hguard.o(.text)
    _terminate_user_alloc                    0x08000acd   Thumb Code     2  init_alloc.o(.text)
    _init_user_alloc                         0x08000acf   Thumb Code     2  init_alloc.o(.text)
    __Heap_Full                              0x08000ad1   Thumb Code    34  init_alloc.o(.text)
    __Heap_Broken                            0x08000af3   Thumb Code     6  init_alloc.o(.text)
    _init_alloc                              0x08000af9   Thumb Code    94  init_alloc.o(.text)
    __Heap_Initialize                        0x08000b57   Thumb Code    10  h1_init.o(.text)
    __Heap_DescSize                          0x08000b61   Thumb Code     4  h1_init.o(.text)
    __read_errno                             0x08000b65   Thumb Code    10  _rserrno.o(.text)
    __set_errno                              0x08000b6f   Thumb Code    12  _rserrno.o(.text)
    _printf_int_common                       0x08000b7b   Thumb Code   178  _printf_intcommon.o(.text)
    __lib_sel_fp_printf                      0x08000c2d   Thumb Code     2  _printf_fp_dec.o(.text)
    _printf_fp_dec_real                      0x08000ddf   Thumb Code   620  _printf_fp_dec.o(.text)
    _printf_char_common                      0x08001057   Thumb Code    32  _printf_char_common.o(.text)
    _sputc                                   0x0800107d   Thumb Code    10  _sputc.o(.text)
    _printf_cs_common                        0x08001087   Thumb Code    20  _printf_char.o(.text)
    _printf_char                             0x0800109b   Thumb Code    16  _printf_char.o(.text)
    _printf_string                           0x080010ab   Thumb Code     8  _printf_char.o(.text)
    _scanf_really_real                       0x08001301   Thumb Code   684  scanf_fp.o(.text)
    __vfscanf_char                           0x080015b9   Thumb Code    24  scanf_char.o(.text)
    _sgetc                                   0x080015d9   Thumb Code    30  _sgetc.o(.text)
    _sbackspace                              0x080015f7   Thumb Code    34  _sgetc.o(.text)
    __strtod_int                             0x08001655   Thumb Code    90  strtod.o(.text)
    strtol                                   0x080016bd   Thumb Code   112  strtol.o(.text)
    __user_libspace                          0x0800172d   Thumb Code     8  libspace.o(.text)
    __user_perproc_libspace                  0x0800172d   Thumb Code     0  libspace.o(.text)
    __user_perthread_libspace                0x0800172d   Thumb Code     0  libspace.o(.text)
    __rt_locale                              0x08001735   Thumb Code     8  rt_locale_intlibspace.o(.text)
    __Heap_ProvideMemory                     0x0800173d   Thumb Code    52  h1_extend.o(.text)
    _ll_udiv10                               0x08001771   Thumb Code   138  lludiv10.o(.text)
    isspace                                  0x080017fb   Thumb Code    18  isspace.o(.text)
    _printf_fp_infnan                        0x0800180d   Thumb Code   112  _printf_fp_infnan.o(.text)
    __vfscanf                                0x0800188d   Thumb Code   878  _scanf.o(.text)
    _strtoul                                 0x08001c01   Thumb Code   158  _strtoul.o(.text)
    _btod_etento                             0x08001ca1   Thumb Code   224  bigflt0.o(.text)
    __rt_SIGRTMEM                            0x08001d85   Thumb Code    14  defsig_rtmem_outer.o(.text)
    __I$use$semihosting                      0x08001d93   Thumb Code     0  use_no_semi.o(.text)
    __use_no_semihosting_swi                 0x08001d93   Thumb Code     2  use_no_semi.o(.text)
    __semihosting_library_function           0x08001d95   Thumb Code     0  indicate_semi.o(.text)
    __user_setup_stackheap                   0x08001d95   Thumb Code    74  sys_stackheap_outer.o(.text)
    _chval                                   0x08001ddf   Thumb Code    28  _chval.o(.text)
    _scanf_really_hex_real                   0x08001dfd   Thumb Code   786  scanf_hexfp.o(.text)
    _scanf_really_infnan                     0x0800211d   Thumb Code   292  scanf_infnan.o(.text)
    exit                                     0x08002251   Thumb Code    18  exit.o(.text)
    __sig_exit                               0x08002263   Thumb Code    10  defsig_exit.o(.text)
    __rt_SIGRTMEM_inner                      0x0800226d   Thumb Code    22  defsig_rtmem_inner.o(.text)
    _sys_exit                                0x080022bd   Thumb Code     8  sys_exit.o(.text)
    __aeabi_llsl                             0x080022c9   Thumb Code     0  llshl.o(.text)
    _ll_shift_l                              0x080022c9   Thumb Code    38  llshl.o(.text)
    __default_signal_display                 0x080022ef   Thumb Code    50  defsig_general.o(.text)
    _ttywrch                                 0x08002321   Thumb Code    14  sys_wrch.o(.text)
    _btod_d2e                                0x0800232f   Thumb Code    62  btod.o(CL$$btod_d2e)
    _d2e_denorm_low                          0x0800236d   Thumb Code    70  btod.o(CL$$btod_d2e_denorm_low)
    _d2e_norm_op1                            0x080023b3   Thumb Code    96  btod.o(CL$$btod_d2e_norm_op1)
    __btod_div_common                        0x08002413   Thumb Code   696  btod.o(CL$$btod_div_common)
    _e2d                                     0x0800274d   Thumb Code   122  btod.o(CL$$btod_e2d)
    _e2e                                     0x080027d1   Thumb Code   220  btod.o(CL$$btod_e2e)
    _btod_ediv                               0x080028ad   Thumb Code    42  btod.o(CL$$btod_ediv)
    _btod_edivd                              0x080028d7   Thumb Code    42  btod.o(CL$$btod_edivd)
    _btod_emul                               0x08002901   Thumb Code    42  btod.o(CL$$btod_emul)
    _btod_emuld                              0x0800292b   Thumb Code    42  btod.o(CL$$btod_emuld)
    __btod_mult_common                       0x08002955   Thumb Code   580  btod.o(CL$$btod_mult_common)
    ADC_Cmd                                  0x08002b99   Thumb Code    22  stm32f10x_adc.o(i.ADC_Cmd)
    ADC_GetCalibrationStatus                 0x08002baf   Thumb Code    20  stm32f10x_adc.o(i.ADC_GetCalibrationStatus)
    ADC_GetConversionValue                   0x08002bc3   Thumb Code     8  stm32f10x_adc.o(i.ADC_GetConversionValue)
    ADC_GetFlagStatus                        0x08002bcb   Thumb Code    18  stm32f10x_adc.o(i.ADC_GetFlagStatus)
    ADC_GetResetCalibrationStatus            0x08002bdd   Thumb Code    20  stm32f10x_adc.o(i.ADC_GetResetCalibrationStatus)
    ADC_Init                                 0x08002bf1   Thumb Code    70  stm32f10x_adc.o(i.ADC_Init)
    ADC_RegularChannelConfig                 0x08002c41   Thumb Code   184  stm32f10x_adc.o(i.ADC_RegularChannelConfig)
    ADC_ResetCalibration                     0x08002cf9   Thumb Code    10  stm32f10x_adc.o(i.ADC_ResetCalibration)
    ADC_SoftwareStartConvCmd                 0x08002d03   Thumb Code    22  stm32f10x_adc.o(i.ADC_SoftwareStartConvCmd)
    ADC_StartCalibration                     0x08002d19   Thumb Code    10  stm32f10x_adc.o(i.ADC_StartCalibration)
    BusFault_Handler                         0x08003945   Thumb Code     4  stm32f10x_it.o(i.BusFault_Handler)
    DebugMon_Handler                         0x08003949   Thumb Code     2  stm32f10x_it.o(i.DebugMon_Handler)
    GPIO_Init                                0x0800394b   Thumb Code   278  stm32f10x_gpio.o(i.GPIO_Init)
    GPIO_PinRemapConfig                      0x08003a61   Thumb Code   138  stm32f10x_gpio.o(i.GPIO_PinRemapConfig)
    GPIO_ReadInputDataBit                    0x08003af1   Thumb Code    18  stm32f10x_gpio.o(i.GPIO_ReadInputDataBit)
    GPIO_WriteBit                            0x08003b03   Thumb Code    10  stm32f10x_gpio.o(i.GPIO_WriteBit)
    HardFault_Handler                        0x08003ce5   Thumb Code     4  stm32f10x_it.o(i.HardFault_Handler)
    MemManage_Handler                        0x08003ce9   Thumb Code     4  stm32f10x_it.o(i.MemManage_Handler)
    NMI_Handler                              0x08003ced   Thumb Code     2  stm32f10x_it.o(i.NMI_Handler)
    NVIC_Init                                0x08003cf1   Thumb Code   100  misc.o(i.NVIC_Init)
    NVIC_PriorityGroupConfig                 0x08003d61   Thumb Code    10  misc.o(i.NVIC_PriorityGroupConfig)
    PendSV_Handler                           0x08003d75   Thumb Code     2  stm32f10x_it.o(i.PendSV_Handler)
    RCC_ADCCLKConfig                         0x08003d79   Thumb Code    18  stm32f10x_rcc.o(i.RCC_ADCCLKConfig)
    RCC_APB1PeriphClockCmd                   0x08003d91   Thumb Code    26  stm32f10x_rcc.o(i.RCC_APB1PeriphClockCmd)
    RCC_APB2PeriphClockCmd                   0x08003db1   Thumb Code    26  stm32f10x_rcc.o(i.RCC_APB2PeriphClockCmd)
    RCC_GetClocksFreq                        0x08003dd1   Thumb Code   192  stm32f10x_rcc.o(i.RCC_GetClocksFreq)
    SVC_Handler                              0x08003ea5   Thumb Code     2  stm32f10x_it.o(i.SVC_Handler)
    SysTick_Handler                          0x08003f91   Thumb Code    20  mew_stm32.o(i.SysTick_Handler)
    SystemInit                               0x08003fa9   Thumb Code    78  system_stm32f10x.o(i.SystemInit)
    TIM4_IRQHandler                          0x08004009   Thumb Code    22  mew_stm32.o(i.TIM4_IRQHandler)
    TIM_ClearITPendingBit                    0x08004025   Thumb Code     6  stm32f10x_tim.o(i.TIM_ClearITPendingBit)
    TIM_GetITStatus                          0x0800402b   Thumb Code    34  stm32f10x_tim.o(i.TIM_GetITStatus)
    USART1_IRQHandler                        0x0800404d   Thumb Code    60  mew_stm32.o(i.USART1_IRQHandler)
    USART2_IRQHandler                        0x0800408d   Thumb Code    60  mew_stm32.o(i.USART2_IRQHandler)
    USART3_IRQHandler                        0x080040cd   Thumb Code    60  mew_stm32.o(i.USART3_IRQHandler)
    USART_Cmd                                0x0800410d   Thumb Code    24  stm32f10x_usart.o(i.USART_Cmd)
    USART_GetFlagStatus                      0x08004125   Thumb Code    26  stm32f10x_usart.o(i.USART_GetFlagStatus)
    USART_GetITStatus                        0x0800413f   Thumb Code    84  stm32f10x_usart.o(i.USART_GetITStatus)
    USART_ITConfig                           0x08004193   Thumb Code    74  stm32f10x_usart.o(i.USART_ITConfig)
    USART_Init                               0x080041dd   Thumb Code   210  stm32f10x_usart.o(i.USART_Init)
    USART_ReceiveData                        0x080042b5   Thumb Code    10  stm32f10x_usart.o(i.USART_ReceiveData)
    USART_SendData                           0x080042bf   Thumb Code     8  stm32f10x_usart.o(i.USART_SendData)
    UsageFault_Handler                       0x080042c7   Thumb Code     4  stm32f10x_it.o(i.UsageFault_Handler)
    __ARM_fpclassify                         0x080042cb   Thumb Code    40  fpclassify.o(i.__ARM_fpclassify)
    __mathlib_dbl_overflow                   0x080042f3   Thumb Code    14  dunder.o(i.__mathlib_dbl_overflow)
    __mathlib_dbl_underflow                  0x08004301   Thumb Code    10  dunder.o(i.__mathlib_dbl_underflow)
    __mathlib_narrow                         0x08004311   Thumb Code    16  narrow.o(i.__mathlib_narrow)
    __mathlib_tofloat                        0x08004321   Thumb Code   184  narrow.o(i.__mathlib_tofloat)
    __support_ldexp                          0x080043dd   Thumb Code    22  ldexp.o(i.__support_ldexp)
    _is_digit                                0x080043f3   Thumb Code    14  __printf_wp.o(i._is_digit)
    cJSON_AddItemToArray                     0x0800443b   Thumb Code    44  cjson.o(i.cJSON_AddItemToArray)
    cJSON_AddItemToObject                    0x08004469   Thumb Code    48  cjson.o(i.cJSON_AddItemToObject)
    cJSON_AddItemToObjectCS                  0x0800449d   Thumb Code    56  cjson.o(i.cJSON_AddItemToObjectCS)
    cJSON_CreateObject                       0x080044d9   Thumb Code    20  cjson.o(i.cJSON_CreateObject)
    cJSON_CreateString                       0x080044f1   Thumb Code    46  cjson.o(i.cJSON_CreateString)
    cJSON_Delete                             0x08004525   Thumb Code    84  cjson.o(i.cJSON_Delete)
    cJSON_GetObjectItem                      0x0800457d   Thumb Code    18  cjson.o(i.cJSON_GetObjectItem)
    cJSON_InitHooks                          0x08004591   Thumb Code    82  cjson.o(i.cJSON_InitHooks)
    cJSON_Parse                              0x0800460f   Thumb Code    16  cjson.o(i.cJSON_Parse)
    cJSON_ParseWithOpts                      0x08004621   Thumb Code   204  cjson.o(i.cJSON_ParseWithOpts)
    cJSON_PrintUnformatted                   0x080046f5   Thumb Code    16  cjson.o(i.cJSON_PrintUnformatted)
    frexp                                    0x08004891   Thumb Code    80  frexp.o(i.frexp)
    ldexp                                    0x08004a3f   Thumb Code   116  ldexp.o(i.ldexp)
    main                                     0x08004b05   Thumb Code   144  main.o(i.main)
    mew_board_Init                           0x08004bed   Thumb Code    74  mew_board.o(i.mew_board_Init)
    mew_buff_EndWith                         0x08004c71   Thumb Code    42  mew_buff.o(i.mew_buff_EndWith)
    mew_buff_OffsetWith                      0x08004c9b   Thumb Code    30  mew_buff.o(i.mew_buff_OffsetWith)
    mew_buff_Search                          0x08004cb9   Thumb Code    80  mew_buff.o(i.mew_buff_Search)
    mew_buff_SearchFrom                      0x08004d09   Thumb Code    80  mew_buff.o(i.mew_buff_SearchFrom)
    mew_m26_DelayMS_Hook                     0x08004d59   Thumb Code    14  mew_board.o(i.mew_m26_DelayMS_Hook)
    mew_m26_Free_Hook                        0x08004d6d   Thumb Code    12  mew_m26.o(i.mew_m26_Free_Hook)
    mew_m26_GPRSConnDone_Hook                0x08004d79   Thumb Code    12  main.o(i.mew_m26_GPRSConnDone_Hook)
    mew_m26_GPRSConnErr_Hook                 0x08004d89   Thumb Code     2  mew_m26.o(i.mew_m26_GPRSConnErr_Hook)
    mew_m26_Init                             0x08004d8d   Thumb Code   104  mew_m26.o(i.mew_m26_Init)
    mew_m26_MallocErr_Hook                   0x08004e25   Thumb Code     2  mew_m26.o(i.mew_m26_MallocErr_Hook)
    mew_m26_Malloc_Hook                      0x08004e27   Thumb Code    12  mew_m26.o(i.mew_m26_Malloc_Hook)
    mew_m26_ResetStart_Hook                  0x08004e33   Thumb Code     2  mew_m26.o(i.mew_m26_ResetStart_Hook)
    mew_m26_Reset_Hook                       0x08004e35   Thumb Code    36  main.o(i.mew_m26_Reset_Hook)
    mew_m26_SendBuff_Hook                    0x08004e5d   Thumb Code    30  mew_board.o(i.mew_m26_SendBuff_Hook)
    mew_m26_SocketConnDone_Hook              0x08004e81   Thumb Code    48  main.o(i.mew_m26_SocketConnDone_Hook)
    mew_m26_SocketConnErr_Hook               0x08004ee1   Thumb Code    46  main.o(i.mew_m26_SocketConnErr_Hook)
    mew_m26_SocketDisconn_Hook               0x08004f49   Thumb Code    60  main.o(i.mew_m26_SocketDisconn_Hook)
    mew_m26_SocketHeartbeat_Hook             0x08004fc1   Thumb Code    76  main.o(i.mew_m26_SocketHeartbeat_Hook)
    mew_m26_SocketRecvDone_Hook              0x08005025   Thumb Code   240  main.o(i.mew_m26_SocketRecvDone_Hook)
    mew_m26_SocketRecvErr_Hook               0x08005179   Thumb Code    42  main.o(i.mew_m26_SocketRecvErr_Hook)
    mew_m26_SocketRecvParseErr_Hook          0x080051d1   Thumb Code     2  mew_m26.o(i.mew_m26_SocketRecvParseErr_Hook)
    mew_m26_SocketRecvStart_Hook             0x080051d5   Thumb Code    34  main.o(i.mew_m26_SocketRecvStart_Hook)
    mew_m26_SocketSendDone_Hook              0x08005225   Thumb Code    40  main.o(i.mew_m26_SocketSendDone_Hook)
    mew_m26_SocketSendErr_Hook               0x0800527d   Thumb Code    42  main.o(i.mew_m26_SocketSendErr_Hook)
    mew_m26_SocketSendStart_Hook             0x080052d5   Thumb Code    40  main.o(i.mew_m26_SocketSendStart_Hook)
    mew_stm32_Init                           0x080053f5   Thumb Code    90  mew_stm32.o(i.mew_stm32_Init)
    mew_stm32_PINsInit_Hook                  0x08005559   Thumb Code   292  mew_board.o(i.mew_stm32_PINsInit_Hook)
    mew_stm32_RCCInit_Hook                   0x080057ef   Thumb Code     2  mew_stm32.o(i.mew_stm32_RCCInit_Hook)
    mew_stm32_UARTRecvByte_Hook              0x080059a9   Thumb Code   108  mew_board.o(i.mew_stm32_UARTRecvByte_Hook)
    mew_stm32_UARTRecvDone_Hook              0x08005a31   Thumb Code    24  mew_board.o(i.mew_stm32_UARTRecvDone_Hook)
    strtod                                   0x08006cd1   Thumb Code    28  strtod.o(i.strtod)
    upTempInfo                               0x08006cf5   Thumb Code   138  main.o(i.upTempInfo)
    _get_lc_ctype                            0x08006efd   Thumb Code    44  lc_ctype_c.o(locale$$code)
    _get_lc_numeric                          0x08006f29   Thumb Code    44  lc_numeric_c.o(locale$$code)
    __aeabi_d2f                              0x08006f55   Thumb Code     0  d2f.o(x$fpl$d2f)
    _d2f                                     0x08006f55   Thumb Code    98  d2f.o(x$fpl$d2f)
    __fpl_dcheck_NaN1                        0x08006fb9   Thumb Code    10  dcheck1.o(x$fpl$dcheck1)
    __fpl_dcmp_Inf                           0x08006fc9   Thumb Code    24  dcmpi.o(x$fpl$dcmpinf)
    __aeabi_cdcmpeq                          0x08006fe1   Thumb Code     0  deqf.o(x$fpl$deqf)
    _dcmpeq                                  0x08006fe1   Thumb Code   120  deqf.o(x$fpl$deqf)
    __aeabi_d2iz                             0x08007059   Thumb Code     0  dfix.o(x$fpl$dfix)
    _dfix                                    0x08007059   Thumb Code    94  dfix.o(x$fpl$dfix)
    __aeabi_cdcmple                          0x080070b9   Thumb Code     0  dleqf.o(x$fpl$dleqf)
    _dcmple                                  0x080070b9   Thumb Code   120  dleqf.o(x$fpl$dleqf)
    __fpl_dcmple_InfNaN                      0x0800711b   Thumb Code     0  dleqf.o(x$fpl$dleqf)
    __aeabi_dmul                             0x08007131   Thumb Code     0  dmul.o(x$fpl$dmul)
    _dmul                                    0x08007131   Thumb Code   332  dmul.o(x$fpl$dmul)
    __fpl_dnaninf                            0x08007285   Thumb Code   156  dnaninf.o(x$fpl$dnaninf)
    __fpl_dretinf                            0x08007321   Thumb Code    12  dretinf.o(x$fpl$dretinf)
    __aeabi_cdrcmple                         0x0800732d   Thumb Code     0  drleqf.o(x$fpl$drleqf)
    _drcmple                                 0x0800732d   Thumb Code   108  drleqf.o(x$fpl$drleqf)
    __aeabi_f2d                              0x08007399   Thumb Code     0  f2d.o(x$fpl$f2d)
    _f2d                                     0x08007399   Thumb Code    86  f2d.o(x$fpl$f2d)
    __aeabi_fadd                             0x080073f1   Thumb Code     0  faddsub_clz.o(x$fpl$fadd)
    _fadd                                    0x080073f1   Thumb Code   196  faddsub_clz.o(x$fpl$fadd)
    __aeabi_fdiv                             0x080074b5   Thumb Code     0  fdiv.o(x$fpl$fdiv)
    _fdiv                                    0x080074b5   Thumb Code   384  fdiv.o(x$fpl$fdiv)
    __aeabi_ui2f                             0x08007639   Thumb Code     0  fflt_clz.o(x$fpl$ffltu)
    _ffltu                                   0x08007639   Thumb Code    38  fflt_clz.o(x$fpl$ffltu)
    __aeabi_fmul                             0x08007661   Thumb Code     0  fmul.o(x$fpl$fmul)
    _fmul                                    0x08007661   Thumb Code   258  fmul.o(x$fpl$fmul)
    __fpl_fnaninf                            0x08007763   Thumb Code   140  fnaninf.o(x$fpl$fnaninf)
    __fpl_fretinf                            0x080077ef   Thumb Code    10  fretinf.o(x$fpl$fretinf)
    __aeabi_frsub                            0x080077f9   Thumb Code     0  faddsub_clz.o(x$fpl$frsb)
    _frsb                                    0x080077f9   Thumb Code    20  faddsub_clz.o(x$fpl$frsb)
    __aeabi_fsub                             0x0800780d   Thumb Code     0  faddsub_clz.o(x$fpl$fsub)
    _fsub                                    0x0800780d   Thumb Code   234  faddsub_clz.o(x$fpl$fsub)
    __ieee_status                            0x080078f7   Thumb Code     6  istatus.o(x$fpl$ieeestatus)
    _printf_fp_dec                           0x080078fd   Thumb Code     4  printf1.o(x$fpl$printf1)
    __fpl_return_NaN                         0x08007901   Thumb Code   100  retnan.o(x$fpl$retnan)
    __ARM_scalbn                             0x08007965   Thumb Code    92  scalbn.o(x$fpl$scalbn)
    _scanf_real                              0x080079c1   Thumb Code     4  scanf1.o(x$fpl$scanf1)
    _scanf_hex_real                          0x080079c5   Thumb Code     4  scanf2.o(x$fpl$scanf2)
    _scanf_infnan                            0x080079c9   Thumb Code     4  scanf2.o(x$fpl$scanf2)
    __fpl_cmpreturn                          0x080079cd   Thumb Code    48  trapv.o(x$fpl$trapveneer)
    __I$use$fp                               0x080079fc   Number         0  usenofp.o(x$fpl$usenofp)
    Region$$Table$$Base                      0x08007acc   Number         0  anon$$obj.o(Region$$Table)
    Region$$Table$$Limit                     0x08007aec   Number         0  anon$$obj.o(Region$$Table)
    __aeabi_HUGE_VAL                         0x08007aec   Data           0  fpconst.o(c$$dinf)
    __aeabi_HUGE_VALL                        0x08007aec   Data           0  fpconst.o(c$$dinf)
    __aeabi_INFINITY                         0x08007aec   Data           0  fpconst.o(c$$dinf)
    __dInf                                   0x08007aec   Data           0  fpconst.o(c$$dinf)
    __huge_val                               0x08007aec   Data           0  fpconst.o(c$$dinf)
    __dbl_max                                0x08007af4   Data           0  fpconst.o(c$$dmax)
    __ctype                                  0x08007b09   Data           0  lc_ctype_c.o(locale$$data)
    SystemCoreClock                          0x2000004c   Data           4  system_stm32f10x.o(.data)
    AHBPrescTable                            0x20000050   Data          16  system_stm32f10x.o(.data)
    login                                    0x20000060   Data           1  main.o(.data)
    sending                                  0x20000061   Data           1  main.o(.data)
    located                                  0x20000062   Data           1  main.o(.data)
    lastUpTicks                              0x20000068   Data           8  main.o(.data)
    cjson_hooks                              0x20000070   Data           8  main.o(.data)
    debug                                    0x20000078   Data           1  mew_board.o(.data)
    gnss_rx_bufflen                          0x2000007e   Data           2  mew_board.o(.data)
    gnss_frames                              0x20000080   Data           1  mew_board.o(.data)
    mew_stm32                                0x20000088   Data          56  mew_stm32.o(.bss)
    mew_m26                                  0x200000c0   Data         584  mew_m26.o(.bss)
    mew_board                                0x20000bb0   Data          32  mew_board.o(.bss)
    gnss_rx_buff                             0x20001bd0   Data        2048  mew_board.o(.bss)
    gngll_data                               0x200023d0   Data          32  mew_board.o(.bss)
    __libspace_start                         0x200023f0   Data          96  libspace.o(.bss)
    __temporary_stack_top$libspace           0x20002450   Data           0  libspace.o(.bss)



==============================================================================

Memory Map of the image

  Image Entry point : 0x080000ed

  Load Region LR_IROM1 (Base: 0x08000000, Size: 0x00007cac, Max: 0x00010000, ABSOLUTE)

    Execution Region ER_IROM1 (Exec base: 0x08000000, Load base: 0x08000000, Size: 0x00007c28, Max: 0x00010000, ABSOLUTE)

    Exec Addr    Load Addr    Size         Type   Attr      Idx    E Section Name        Object

    0x08000000   0x08000000   0x000000ec   Data   RO         4432    RESET               startup_stm32f10x_md.o
    0x080000ec   0x080000ec   0x00000008   Code   RO         5049  * !!!main             c_w.l(__main.o)
    0x080000f4   0x080000f4   0x00000034   Code   RO         5490    !!!scatter          c_w.l(__scatter.o)
    0x08000128   0x08000128   0x0000001a   Code   RO         5492    !!handler_copy      c_w.l(__scatter_copy.o)
    0x08000142   0x08000142   0x00000002   PAD
    0x08000144   0x08000144   0x0000001c   Code   RO         5494    !!handler_zi        c_w.l(__scatter_zi.o)
    0x08000160   0x08000160   0x00000000   Code   RO         5016    .ARM.Collect$$_printf_percent$$00000000  c_w.l(_printf_percent.o)
    0x08000160   0x08000160   0x00000006   Code   RO         5014    .ARM.Collect$$_printf_percent$$00000003  c_w.l(_printf_f.o)
    0x08000166   0x08000166   0x00000006   Code   RO         5015    .ARM.Collect$$_printf_percent$$00000005  c_w.l(_printf_g.o)
    0x0800016c   0x0800016c   0x00000006   Code   RO         5012    .ARM.Collect$$_printf_percent$$00000009  c_w.l(_printf_d.o)
    0x08000172   0x08000172   0x00000006   Code   RO         5010    .ARM.Collect$$_printf_percent$$0000000C  c_w.l(_printf_x.o)
    0x08000178   0x08000178   0x00000006   Code   RO         5009    .ARM.Collect$$_printf_percent$$00000014  c_w.l(_printf_s.o)
    0x0800017e   0x0800017e   0x00000004   Code   RO         5168    .ARM.Collect$$_printf_percent$$00000017  c_w.l(_printf_percent_end.o)
    0x08000182   0x08000182   0x00000002   Code   RO         5405    .ARM.Collect$$libinit$$00000000  c_w.l(libinit.o)
    0x08000184   0x08000184   0x00000000   Code   RO         5182    .ARM.Collect$$libinit$$00000002  c_w.l(libinit2.o)
    0x08000184   0x08000184   0x00000000   Code   RO         5184    .ARM.Collect$$libinit$$00000004  c_w.l(libinit2.o)
    0x08000184   0x08000184   0x00000008   Code   RO         5185    .ARM.Collect$$libinit$$00000005  c_w.l(libinit2.o)
    0x0800018c   0x0800018c   0x00000000   Code   RO         5187    .ARM.Collect$$libinit$$0000000A  c_w.l(libinit2.o)
    0x0800018c   0x0800018c   0x00000000   Code   RO         5189    .ARM.Collect$$libinit$$0000000C  c_w.l(libinit2.o)
    0x0800018c   0x0800018c   0x00000000   Code   RO         5191    .ARM.Collect$$libinit$$0000000E  c_w.l(libinit2.o)
    0x0800018c   0x0800018c   0x00000006   Code   RO         5192    .ARM.Collect$$libinit$$0000000F  c_w.l(libinit2.o)
    0x08000192   0x08000192   0x00000000   Code   RO         5194    .ARM.Collect$$libinit$$00000011  c_w.l(libinit2.o)
    0x08000192   0x08000192   0x0000000c   Code   RO         5195    .ARM.Collect$$libinit$$00000012  c_w.l(libinit2.o)
    0x0800019e   0x0800019e   0x00000000   Code   RO         5196    .ARM.Collect$$libinit$$00000013  c_w.l(libinit2.o)
    0x0800019e   0x0800019e   0x00000000   Code   RO         5198    .ARM.Collect$$libinit$$00000015  c_w.l(libinit2.o)
    0x0800019e   0x0800019e   0x0000000a   Code   RO         5199    .ARM.Collect$$libinit$$00000016  c_w.l(libinit2.o)
    0x080001a8   0x080001a8   0x00000000   Code   RO         5200    .ARM.Collect$$libinit$$00000017  c_w.l(libinit2.o)
    0x080001a8   0x080001a8   0x00000000   Code   RO         5202    .ARM.Collect$$libinit$$00000019  c_w.l(libinit2.o)
    0x080001a8   0x080001a8   0x00000000   Code   RO         5204    .ARM.Collect$$libinit$$0000001B  c_w.l(libinit2.o)
    0x080001a8   0x080001a8   0x00000000   Code   RO         5206    .ARM.Collect$$libinit$$0000001D  c_w.l(libinit2.o)
    0x080001a8   0x080001a8   0x00000000   Code   RO         5208    .ARM.Collect$$libinit$$0000001F  c_w.l(libinit2.o)
    0x080001a8   0x080001a8   0x00000000   Code   RO         5210    .ARM.Collect$$libinit$$00000021  c_w.l(libinit2.o)
    0x080001a8   0x080001a8   0x00000000   Code   RO         5212    .ARM.Collect$$libinit$$00000023  c_w.l(libinit2.o)
    0x080001a8   0x080001a8   0x00000000   Code   RO         5214    .ARM.Collect$$libinit$$00000025  c_w.l(libinit2.o)
    0x080001a8   0x080001a8   0x00000000   Code   RO         5218    .ARM.Collect$$libinit$$0000002C  c_w.l(libinit2.o)
    0x080001a8   0x080001a8   0x00000000   Code   RO         5220    .ARM.Collect$$libinit$$0000002E  c_w.l(libinit2.o)
    0x080001a8   0x080001a8   0x00000000   Code   RO         5222    .ARM.Collect$$libinit$$00000030  c_w.l(libinit2.o)
    0x080001a8   0x080001a8   0x00000000   Code   RO         5224    .ARM.Collect$$libinit$$00000032  c_w.l(libinit2.o)
    0x080001a8   0x080001a8   0x00000002   Code   RO         5225    .ARM.Collect$$libinit$$00000033  c_w.l(libinit2.o)
    0x080001aa   0x080001aa   0x00000002   Code   RO         5487    .ARM.Collect$$libshutdown$$00000000  c_w.l(libshutdown.o)
    0x080001ac   0x080001ac   0x00000000   Code   RO         5429    .ARM.Collect$$libshutdown$$00000002  c_w.l(libshutdown2.o)
    0x080001ac   0x080001ac   0x00000000   Code   RO         5431    .ARM.Collect$$libshutdown$$00000004  c_w.l(libshutdown2.o)
    0x080001ac   0x080001ac   0x00000000   Code   RO         5434    .ARM.Collect$$libshutdown$$00000007  c_w.l(libshutdown2.o)
    0x080001ac   0x080001ac   0x00000000   Code   RO         5437    .ARM.Collect$$libshutdown$$0000000A  c_w.l(libshutdown2.o)
    0x080001ac   0x080001ac   0x00000000   Code   RO         5439    .ARM.Collect$$libshutdown$$0000000C  c_w.l(libshutdown2.o)
    0x080001ac   0x080001ac   0x00000000   Code   RO         5442    .ARM.Collect$$libshutdown$$0000000F  c_w.l(libshutdown2.o)
    0x080001ac   0x080001ac   0x00000002   Code   RO         5443    .ARM.Collect$$libshutdown$$00000010  c_w.l(libshutdown2.o)
    0x080001ae   0x080001ae   0x00000000   Code   RO         5123    .ARM.Collect$$rtentry$$00000000  c_w.l(__rtentry.o)
    0x080001ae   0x080001ae   0x00000000   Code   RO         5272    .ARM.Collect$$rtentry$$00000002  c_w.l(__rtentry2.o)
    0x080001ae   0x080001ae   0x00000006   Code   RO         5284    .ARM.Collect$$rtentry$$00000004  c_w.l(__rtentry4.o)
    0x080001b4   0x080001b4   0x00000000   Code   RO         5274    .ARM.Collect$$rtentry$$00000009  c_w.l(__rtentry2.o)
    0x080001b4   0x080001b4   0x00000004   Code   RO         5275    .ARM.Collect$$rtentry$$0000000A  c_w.l(__rtentry2.o)
    0x080001b8   0x080001b8   0x00000000   Code   RO         5277    .ARM.Collect$$rtentry$$0000000C  c_w.l(__rtentry2.o)
    0x080001b8   0x080001b8   0x00000008   Code   RO         5278    .ARM.Collect$$rtentry$$0000000D  c_w.l(__rtentry2.o)
    0x080001c0   0x080001c0   0x00000002   Code   RO         5416    .ARM.Collect$$rtexit$$00000000  c_w.l(rtexit.o)
    0x080001c2   0x080001c2   0x00000000   Code   RO         5461    .ARM.Collect$$rtexit$$00000002  c_w.l(rtexit2.o)
    0x080001c2   0x080001c2   0x00000004   Code   RO         5462    .ARM.Collect$$rtexit$$00000003  c_w.l(rtexit2.o)
    0x080001c6   0x080001c6   0x00000006   Code   RO         5463    .ARM.Collect$$rtexit$$00000004  c_w.l(rtexit2.o)
    0x080001cc   0x080001cc   0x00000000   Code   RO         5293    .emb_text           c_w.l(maybetermalloc1.o)
    0x080001cc   0x080001cc   0x00000040   Code   RO         4433    .text               startup_stm32f10x_md.o
    0x0800020c   0x0800020c   0x0000005e   Code   RO         4892    .text               c_w.l(h1_alloc.o)
    0x0800026a   0x0800026a   0x0000004e   Code   RO         4894    .text               c_w.l(h1_free.o)
    0x080002b8   0x080002b8   0x000000b8   Code   RO         4896    .text               c_w.l(h1_realloc.o)
    0x08000370   0x08000370   0x0000001a   Code   RO         4954    .text               c_w.l(tolower.o)
    0x0800038a   0x0800038a   0x00000002   PAD
    0x0800038c   0x0800038c   0x0000002c   Code   RO         4956    .text               c_w.l(__2sprintf.o)
    0x080003b8   0x080003b8   0x0000004e   Code   RO         4962    .text               c_w.l(_printf_pad.o)
    0x08000406   0x08000406   0x00000052   Code   RO         4964    .text               c_w.l(_printf_str.o)
    0x08000458   0x08000458   0x00000078   Code   RO         4966    .text               c_w.l(_printf_dec.o)
    0x080004d0   0x080004d0   0x00000058   Code   RO         4971    .text               c_w.l(_printf_hex_int.o)
    0x08000528   0x08000528   0x00000188   Code   RO         5006    .text               c_w.l(__printf_flags_ss_wp.o)
    0x080006b0   0x080006b0   0x0000003c   Code   RO         5017    .text               c_w.l(__0sscanf.o)
    0x080006ec   0x080006ec   0x0000001a   Code   RO         5019    .text               c_w.l(atoi.o)
    0x08000706   0x08000706   0x00000024   Code   RO         5023    .text               c_w.l(strstr.o)
    0x0800072a   0x0800072a   0x00000058   Code   RO         5025    .text               c_w.l(memcmp.o)
    0x08000782   0x08000782   0x00000048   Code   RO         5027    .text               c_w.l(strcpy.o)
    0x080007ca   0x080007ca   0x0000003e   Code   RO         5031    .text               c_w.l(strlen.o)
    0x08000808   0x08000808   0x00000096   Code   RO         5033    .text               c_w.l(strncmp.o)
    0x0800089e   0x0800089e   0x0000008a   Code   RO         5037    .text               c_w.l(rt_memcpy_v6.o)
    0x08000928   0x08000928   0x00000064   Code   RO         5039    .text               c_w.l(rt_memcpy_w.o)
    0x0800098c   0x0800098c   0x00000044   Code   RO         5041    .text               c_w.l(rt_memclr.o)
    0x080009d0   0x080009d0   0x0000004e   Code   RO         5043    .text               c_w.l(rt_memclr_w.o)
    0x08000a1e   0x08000a1e   0x00000002   PAD
    0x08000a20   0x08000a20   0x00000080   Code   RO         5045    .text               c_w.l(strcmpv7m.o)
    0x08000aa0   0x08000aa0   0x00000006   Code   RO         5047    .text               c_w.l(heapauxi.o)
    0x08000aa6   0x08000aa6   0x00000002   PAD
    0x08000aa8   0x08000aa8   0x00000010   Code   RO         5124    .text               c_w.l(rt_ctype_table.o)
    0x08000ab8   0x08000ab8   0x00000008   Code   RO         5129    .text               c_w.l(rt_heap_descriptor_intlibspace.o)
    0x08000ac0   0x08000ac0   0x00000008   Code   RO         5134    .text               c_w.l(rt_errno_addr_intlibspace.o)
    0x08000ac8   0x08000ac8   0x00000004   Code   RO         5136    .text               c_w.l(hguard.o)
    0x08000acc   0x08000acc   0x0000008a   Code   RO         5138    .text               c_w.l(init_alloc.o)
    0x08000b56   0x08000b56   0x0000000e   Code   RO         5142    .text               c_w.l(h1_init.o)
    0x08000b64   0x08000b64   0x00000016   Code   RO         5156    .text               c_w.l(_rserrno.o)
    0x08000b7a   0x08000b7a   0x000000b2   Code   RO         5158    .text               c_w.l(_printf_intcommon.o)
    0x08000c2c   0x08000c2c   0x0000041e   Code   RO         5160    .text               c_w.l(_printf_fp_dec.o)
    0x0800104a   0x0800104a   0x00000002   PAD
    0x0800104c   0x0800104c   0x00000030   Code   RO         5162    .text               c_w.l(_printf_char_common.o)
    0x0800107c   0x0800107c   0x0000000a   Code   RO         5164    .text               c_w.l(_sputc.o)
    0x08001086   0x08001086   0x0000002c   Code   RO         5166    .text               c_w.l(_printf_char.o)
    0x080010b2   0x080010b2   0x00000002   PAD
    0x080010b4   0x080010b4   0x000004f8   Code   RO         5169    .text               c_w.l(scanf_fp.o)
    0x080015ac   0x080015ac   0x0000002c   Code   RO         5171    .text               c_w.l(scanf_char.o)
    0x080015d8   0x080015d8   0x00000040   Code   RO         5173    .text               c_w.l(_sgetc.o)
    0x08001618   0x08001618   0x000000a4   Code   RO         5175    .text               c_w.l(strtod.o)
    0x080016bc   0x080016bc   0x00000070   Code   RO         5177    .text               c_w.l(strtol.o)
    0x0800172c   0x0800172c   0x00000008   Code   RO         5268    .text               c_w.l(libspace.o)
    0x08001734   0x08001734   0x00000008   Code   RO         5289    .text               c_w.l(rt_locale_intlibspace.o)
    0x0800173c   0x0800173c   0x00000034   Code   RO         5295    .text               c_w.l(h1_extend.o)
    0x08001770   0x08001770   0x0000008a   Code   RO         5299    .text               c_w.l(lludiv10.o)
    0x080017fa   0x080017fa   0x00000012   Code   RO         5301    .text               c_w.l(isspace.o)
    0x0800180c   0x0800180c   0x00000080   Code   RO         5303    .text               c_w.l(_printf_fp_infnan.o)
    0x0800188c   0x0800188c   0x00000374   Code   RO         5307    .text               c_w.l(_scanf.o)
    0x08001c00   0x08001c00   0x0000009e   Code   RO         5309    .text               c_w.l(_strtoul.o)
    0x08001c9e   0x08001c9e   0x00000002   PAD
    0x08001ca0   0x08001ca0   0x000000e4   Code   RO         5311    .text               c_w.l(bigflt0.o)
    0x08001d84   0x08001d84   0x0000000e   Code   RO         5342    .text               c_w.l(defsig_rtmem_outer.o)
    0x08001d92   0x08001d92   0x00000002   Code   RO         5375    .text               c_w.l(use_no_semi.o)
    0x08001d94   0x08001d94   0x00000000   Code   RO         5377    .text               c_w.l(indicate_semi.o)
    0x08001d94   0x08001d94   0x0000004a   Code   RO         5378    .text               c_w.l(sys_stackheap_outer.o)
    0x08001dde   0x08001dde   0x0000001c   Code   RO         5384    .text               c_w.l(_chval.o)
    0x08001dfa   0x08001dfa   0x00000002   PAD
    0x08001dfc   0x08001dfc   0x00000320   Code   RO         5386    .text               c_w.l(scanf_hexfp.o)
    0x0800211c   0x0800211c   0x00000134   Code   RO         5388    .text               c_w.l(scanf_infnan.o)
    0x08002250   0x08002250   0x00000012   Code   RO         5390    .text               c_w.l(exit.o)
    0x08002262   0x08002262   0x0000000a   Code   RO         5392    .text               c_w.l(defsig_exit.o)
    0x0800226c   0x0800226c   0x00000050   Code   RO         5394    .text               c_w.l(defsig_rtmem_inner.o)
    0x080022bc   0x080022bc   0x0000000c   Code   RO         5414    .text               c_w.l(sys_exit.o)
    0x080022c8   0x080022c8   0x00000026   Code   RO         5422    .text               c_w.l(llshl.o)
    0x080022ee   0x080022ee   0x00000032   Code   RO         5426    .text               c_w.l(defsig_general.o)
    0x08002320   0x08002320   0x0000000e   Code   RO         5458    .text               c_w.l(sys_wrch.o)
    0x0800232e   0x0800232e   0x0000003e   Code   RO         5314    CL$$btod_d2e        c_w.l(btod.o)
    0x0800236c   0x0800236c   0x00000046   Code   RO         5316    CL$$btod_d2e_denorm_low  c_w.l(btod.o)
    0x080023b2   0x080023b2   0x00000060   Code   RO         5315    CL$$btod_d2e_norm_op1  c_w.l(btod.o)
    0x08002412   0x08002412   0x00000338   Code   RO         5324    CL$$btod_div_common  c_w.l(btod.o)
    0x0800274a   0x0800274a   0x00000002   PAD
    0x0800274c   0x0800274c   0x00000084   Code   RO         5322    CL$$btod_e2d        c_w.l(btod.o)
    0x080027d0   0x080027d0   0x000000dc   Code   RO         5321    CL$$btod_e2e        c_w.l(btod.o)
    0x080028ac   0x080028ac   0x0000002a   Code   RO         5318    CL$$btod_ediv       c_w.l(btod.o)
    0x080028d6   0x080028d6   0x0000002a   Code   RO         5320    CL$$btod_edivd      c_w.l(btod.o)
    0x08002900   0x08002900   0x0000002a   Code   RO         5317    CL$$btod_emul       c_w.l(btod.o)
    0x0800292a   0x0800292a   0x0000002a   Code   RO         5319    CL$$btod_emuld      c_w.l(btod.o)
    0x08002954   0x08002954   0x00000244   Code   RO         5323    CL$$btod_mult_common  c_w.l(btod.o)
    0x08002b98   0x08002b98   0x00000016   Code   RO          694    i.ADC_Cmd           stm32f10x_adc.o
    0x08002bae   0x08002bae   0x00000014   Code   RO          702    i.ADC_GetCalibrationStatus  stm32f10x_adc.o
    0x08002bc2   0x08002bc2   0x00000008   Code   RO          703    i.ADC_GetConversionValue  stm32f10x_adc.o
    0x08002bca   0x08002bca   0x00000012   Code   RO          705    i.ADC_GetFlagStatus  stm32f10x_adc.o
    0x08002bdc   0x08002bdc   0x00000014   Code   RO          708    i.ADC_GetResetCalibrationStatus  stm32f10x_adc.o
    0x08002bf0   0x08002bf0   0x00000050   Code   RO          712    i.ADC_Init          stm32f10x_adc.o
    0x08002c40   0x08002c40   0x000000b8   Code   RO          716    i.ADC_RegularChannelConfig  stm32f10x_adc.o
    0x08002cf8   0x08002cf8   0x0000000a   Code   RO          717    i.ADC_ResetCalibration  stm32f10x_adc.o
    0x08002d02   0x08002d02   0x00000016   Code   RO          719    i.ADC_SoftwareStartConvCmd  stm32f10x_adc.o
    0x08002d18   0x08002d18   0x0000000a   Code   RO          721    i.ADC_StartCalibration  stm32f10x_adc.o
    0x08002d22   0x08002d22   0x00000002   PAD
    0x08002d24   0x08002d24   0x00000108   Code   RO          330    i.AT_CGREG          mew_m26.o
    0x08002e2c   0x08002e2c   0x000000dc   Code   RO          331    i.AT_CLOSE          mew_m26.o
    0x08002f08   0x08002f08   0x00000134   Code   RO          332    i.AT_GSN            mew_m26.o
    0x0800303c   0x0800303c   0x00000174   Code   RO          333    i.AT_QCELLLOC       mew_m26.o
    0x080031b0   0x080031b0   0x000001fc   Code   RO          334    i.AT_QIDNSGIP       mew_m26.o
    0x080033ac   0x080033ac   0x00000164   Code   RO          335    i.AT_QIOPEN         mew_m26.o
    0x08003510   0x08003510   0x000002f8   Code   RO          336    i.AT_QIRD           mew_m26.o
    0x08003808   0x08003808   0x0000006c   Code   RO          337    i.AT_QISEND         mew_m26.o
    0x08003874   0x08003874   0x000000d0   Code   RO          338    i.AT_X              mew_m26.o
    0x08003944   0x08003944   0x00000004   Code   RO         4437    i.BusFault_Handler  stm32f10x_it.o
    0x08003948   0x08003948   0x00000002   Code   RO         4438    i.DebugMon_Handler  stm32f10x_it.o
    0x0800394a   0x0800394a   0x00000116   Code   RO         1836    i.GPIO_Init         stm32f10x_gpio.o
    0x08003a60   0x08003a60   0x00000090   Code   RO         1838    i.GPIO_PinRemapConfig  stm32f10x_gpio.o
    0x08003af0   0x08003af0   0x00000012   Code   RO         1840    i.GPIO_ReadInputDataBit  stm32f10x_gpio.o
    0x08003b02   0x08003b02   0x0000000a   Code   RO         1847    i.GPIO_WriteBit     stm32f10x_gpio.o
    0x08003b0c   0x08003b0c   0x000001d8   Code   RO          339    i.GPRSConn          mew_m26.o
    0x08003ce4   0x08003ce4   0x00000004   Code   RO         4439    i.HardFault_Handler  stm32f10x_it.o
    0x08003ce8   0x08003ce8   0x00000004   Code   RO         4440    i.MemManage_Handler  stm32f10x_it.o
    0x08003cec   0x08003cec   0x00000002   Code   RO         4441    i.NMI_Handler       stm32f10x_it.o
    0x08003cee   0x08003cee   0x00000002   PAD
    0x08003cf0   0x08003cf0   0x00000070   Code   RO          645    i.NVIC_Init         misc.o
    0x08003d60   0x08003d60   0x00000014   Code   RO          646    i.NVIC_PriorityGroupConfig  misc.o
    0x08003d74   0x08003d74   0x00000002   Code   RO         4442    i.PendSV_Handler    stm32f10x_it.o
    0x08003d76   0x08003d76   0x00000002   PAD
    0x08003d78   0x08003d78   0x00000018   Code   RO         2262    i.RCC_ADCCLKConfig  stm32f10x_rcc.o
    0x08003d90   0x08003d90   0x00000020   Code   RO         2264    i.RCC_APB1PeriphClockCmd  stm32f10x_rcc.o
    0x08003db0   0x08003db0   0x00000020   Code   RO         2266    i.RCC_APB2PeriphClockCmd  stm32f10x_rcc.o
    0x08003dd0   0x08003dd0   0x000000d4   Code   RO         2274    i.RCC_GetClocksFreq  stm32f10x_rcc.o
    0x08003ea4   0x08003ea4   0x00000002   Code   RO         4443    i.SVC_Handler       stm32f10x_it.o
    0x08003ea6   0x08003ea6   0x00000008   Code   RO         4520    i.SetSysClock       system_stm32f10x.o
    0x08003eae   0x08003eae   0x00000002   PAD
    0x08003eb0   0x08003eb0   0x000000e0   Code   RO         4521    i.SetSysClockTo72   system_stm32f10x.o
    0x08003f90   0x08003f90   0x00000018   Code   RO           63    i.SysTick_Handler   mew_stm32.o
    0x08003fa8   0x08003fa8   0x00000060   Code   RO         4523    i.SystemInit        system_stm32f10x.o
    0x08004008   0x08004008   0x0000001c   Code   RO           64    i.TIM4_IRQHandler   mew_stm32.o
    0x08004024   0x08004024   0x00000006   Code   RO         2905    i.TIM_ClearITPendingBit  stm32f10x_tim.o
    0x0800402a   0x0800402a   0x00000022   Code   RO         2931    i.TIM_GetITStatus   stm32f10x_tim.o
    0x0800404c   0x0800404c   0x00000040   Code   RO           65    i.USART1_IRQHandler  mew_stm32.o
    0x0800408c   0x0800408c   0x00000040   Code   RO           66    i.USART2_IRQHandler  mew_stm32.o
    0x080040cc   0x080040cc   0x00000040   Code   RO           67    i.USART3_IRQHandler  mew_stm32.o
    0x0800410c   0x0800410c   0x00000018   Code   RO         3449    i.USART_Cmd         stm32f10x_usart.o
    0x08004124   0x08004124   0x0000001a   Code   RO         3452    i.USART_GetFlagStatus  stm32f10x_usart.o
    0x0800413e   0x0800413e   0x00000054   Code   RO         3453    i.USART_GetITStatus  stm32f10x_usart.o
    0x08004192   0x08004192   0x0000004a   Code   RO         3455    i.USART_ITConfig    stm32f10x_usart.o
    0x080041dc   0x080041dc   0x000000d8   Code   RO         3456    i.USART_Init        stm32f10x_usart.o
    0x080042b4   0x080042b4   0x0000000a   Code   RO         3463    i.USART_ReceiveData  stm32f10x_usart.o
    0x080042be   0x080042be   0x00000008   Code   RO         3466    i.USART_SendData    stm32f10x_usart.o
    0x080042c6   0x080042c6   0x00000004   Code   RO         4444    i.UsageFault_Handler  stm32f10x_it.o
    0x080042ca   0x080042ca   0x00000028   Code   RO         5253    i.__ARM_fpclassify  m_ws.l(fpclassify.o)
    0x080042f2   0x080042f2   0x0000000e   Code   RO         5243    i.__mathlib_dbl_overflow  m_ws.l(dunder.o)
    0x08004300   0x08004300   0x00000010   Code   RO         5245    i.__mathlib_dbl_underflow  m_ws.l(dunder.o)
    0x08004310   0x08004310   0x00000010   Code   RO         5369    i.__mathlib_narrow  m_ws.l(narrow.o)
    0x08004320   0x08004320   0x000000bc   Code   RO         5370    i.__mathlib_tofloat  m_ws.l(narrow.o)
    0x080043dc   0x080043dc   0x00000016   Code   RO         5447    i.__support_ldexp   m_ws.l(ldexp.o)
    0x080043f2   0x080043f2   0x0000000e   Code   RO         4999    i._is_digit         c_w.l(__printf_wp.o)
    0x08004400   0x08004400   0x0000003a   Code   RO         3685    i.buffer_skip_whitespace  cjson.o
    0x0800443a   0x0800443a   0x0000002c   Code   RO         3688    i.cJSON_AddItemToArray  cjson.o
    0x08004466   0x08004466   0x00000002   PAD
    0x08004468   0x08004468   0x00000034   Code   RO         3689    i.cJSON_AddItemToObject  cjson.o
    0x0800449c   0x0800449c   0x0000003c   Code   RO         3690    i.cJSON_AddItemToObjectCS  cjson.o
    0x080044d8   0x080044d8   0x00000018   Code   RO         3700    i.cJSON_CreateObject  cjson.o
    0x080044f0   0x080044f0   0x00000034   Code   RO         3702    i.cJSON_CreateString  cjson.o
    0x08004524   0x08004524   0x00000058   Code   RO         3705    i.cJSON_Delete      cjson.o
    0x0800457c   0x0800457c   0x00000012   Code   RO         3717    i.cJSON_GetObjectItem  cjson.o
    0x0800458e   0x0800458e   0x00000002   PAD
    0x08004590   0x08004590   0x00000064   Code   RO         3720    i.cJSON_InitHooks   cjson.o
    0x080045f4   0x080045f4   0x0000001a   Code   RO         3733    i.cJSON_New_Item    cjson.o
    0x0800460e   0x0800460e   0x00000010   Code   RO         3734    i.cJSON_Parse       cjson.o
    0x0800461e   0x0800461e   0x00000002   PAD
    0x08004620   0x08004620   0x000000d4   Code   RO         3735    i.cJSON_ParseWithOpts  cjson.o
    0x080046f4   0x080046f4   0x00000014   Code   RO         3739    i.cJSON_PrintUnformatted  cjson.o
    0x08004708   0x08004708   0x00000038   Code   RO         3748    i.cJSON_strdup      cjson.o
    0x08004740   0x08004740   0x00000048   Code   RO         3749    i.case_insensitive_strcmp  cjson.o
    0x08004788   0x08004788   0x000000ba   Code   RO         3751    i.ensure            cjson.o
    0x08004842   0x08004842   0x00000026   Code   RO         4554    i.find_max          main.o
    0x08004868   0x08004868   0x00000026   Code   RO         4555    i.find_min          main.o
    0x0800488e   0x0800488e   0x00000002   PAD
    0x08004890   0x08004890   0x00000058   Code   RO         5411    i.frexp             m_ws.l(frexp.o)
    0x080048e8   0x080048e8   0x000000cc   Code   RO         4556    i.getTempFromADC    main.o
    0x080049b4   0x080049b4   0x00000004   Code   RO         3753    i.get_decimal_point  cjson.o
    0x080049b8   0x080049b8   0x00000044   Code   RO         3754    i.get_object_item   cjson.o
    0x080049fc   0x080049fc   0x0000000c   Code   RO          340    i.is_recv           mew_m26.o
    0x08004a08   0x08004a08   0x00000036   Code   RO          341    i.is_vaild_ip       mew_m26.o
    0x08004a3e   0x08004a3e   0x00000074   Code   RO         5448    i.ldexp             m_ws.l(ldexp.o)
    0x08004ab2   0x08004ab2   0x00000002   PAD
    0x08004ab4   0x08004ab4   0x00000014   Code   RO         4784    i.led_ns            mew_board.o
    0x08004ac8   0x08004ac8   0x00000014   Code   RO         4785    i.led_rx            mew_board.o
    0x08004adc   0x08004adc   0x00000014   Code   RO         4786    i.led_sta           mew_board.o
    0x08004af0   0x08004af0   0x00000014   Code   RO         4787    i.led_tx            mew_board.o
    0x08004b04   0x08004b04   0x000000c0   Code   RO         4557    i.main              main.o
    0x08004bc4   0x08004bc4   0x00000014   Code   RO         4788    i.mc20_dtr          mew_board.o
    0x08004bd8   0x08004bd8   0x00000014   Code   RO         4789    i.mc20_pk           mew_board.o
    0x08004bec   0x08004bec   0x00000084   Code   RO         4790    i.mew_board_Init    mew_board.o
    0x08004c70   0x08004c70   0x0000002a   Code   RO            1    i.mew_buff_EndWith  mew_buff.o
    0x08004c9a   0x08004c9a   0x0000001e   Code   RO            3    i.mew_buff_OffsetWith  mew_buff.o
    0x08004cb8   0x08004cb8   0x00000050   Code   RO            5    i.mew_buff_Search   mew_buff.o
    0x08004d08   0x08004d08   0x00000050   Code   RO            6    i.mew_buff_SearchFrom  mew_buff.o
    0x08004d58   0x08004d58   0x00000014   Code   RO         4791    i.mew_m26_DelayMS_Hook  mew_board.o
    0x08004d6c   0x08004d6c   0x0000000c   Code   RO          343    i.mew_m26_Free_Hook  mew_m26.o
    0x08004d78   0x08004d78   0x00000010   Code   RO         4558    i.mew_m26_GPRSConnDone_Hook  main.o
    0x08004d88   0x08004d88   0x00000002   Code   RO          345    i.mew_m26_GPRSConnErr_Hook  mew_m26.o
    0x08004d8a   0x08004d8a   0x00000002   PAD
    0x08004d8c   0x08004d8c   0x00000098   Code   RO          347    i.mew_m26_Init      mew_m26.o
    0x08004e24   0x08004e24   0x00000002   Code   RO          348    i.mew_m26_MallocErr_Hook  mew_m26.o
    0x08004e26   0x08004e26   0x0000000c   Code   RO          349    i.mew_m26_Malloc_Hook  mew_m26.o
    0x08004e32   0x08004e32   0x00000002   Code   RO          350    i.mew_m26_ResetStart_Hook  mew_m26.o
    0x08004e34   0x08004e34   0x00000028   Code   RO         4559    i.mew_m26_Reset_Hook  main.o
    0x08004e5c   0x08004e5c   0x00000024   Code   RO         4792    i.mew_m26_SendBuff_Hook  mew_board.o
    0x08004e80   0x08004e80   0x00000060   Code   RO         4560    i.mew_m26_SocketConnDone_Hook  main.o
    0x08004ee0   0x08004ee0   0x00000068   Code   RO         4561    i.mew_m26_SocketConnErr_Hook  main.o
    0x08004f48   0x08004f48   0x00000078   Code   RO         4562    i.mew_m26_SocketDisconn_Hook  main.o
    0x08004fc0   0x08004fc0   0x00000064   Code   RO         4563    i.mew_m26_SocketHeartbeat_Hook  main.o
    0x08005024   0x08005024   0x00000154   Code   RO         4564    i.mew_m26_SocketRecvDone_Hook  main.o
    0x08005178   0x08005178   0x00000058   Code   RO         4565    i.mew_m26_SocketRecvErr_Hook  main.o
    0x080051d0   0x080051d0   0x00000002   Code   RO          359    i.mew_m26_SocketRecvParseErr_Hook  mew_m26.o
    0x080051d2   0x080051d2   0x00000002   PAD
    0x080051d4   0x080051d4   0x00000050   Code   RO         4566    i.mew_m26_SocketRecvStart_Hook  main.o
    0x08005224   0x08005224   0x00000058   Code   RO         4567    i.mew_m26_SocketSendDone_Hook  main.o
    0x0800527c   0x0800527c   0x00000058   Code   RO         4568    i.mew_m26_SocketSendErr_Hook  main.o
    0x080052d4   0x080052d4   0x00000058   Code   RO         4569    i.mew_m26_SocketSendStart_Hook  main.o
    0x0800532c   0x0800532c   0x0000005c   Code   RO           68    i.mew_stm32_ADC1Init  mew_stm32.o
    0x08005388   0x08005388   0x00000034   Code   RO           69    i.mew_stm32_ADCRead  mew_stm32.o
    0x080053bc   0x080053bc   0x00000002   Code   RO           70    i.mew_stm32_DACWrite  mew_stm32.o
    0x080053be   0x080053be   0x00000002   PAD
    0x080053c0   0x080053c0   0x00000034   Code   RO           71    i.mew_stm32_DelayMS  mew_stm32.o
    0x080053f4   0x080053f4   0x0000008c   Code   RO           72    i.mew_stm32_Init    mew_stm32.o
    0x08005480   0x08005480   0x000000d8   Code   RO           73    i.mew_stm32_PINsInit  mew_stm32.o
    0x08005558   0x08005558   0x0000012c   Code   RO         4793    i.mew_stm32_PINsInit_Hook  mew_board.o
    0x08005684   0x08005684   0x0000001c   Code   RO           75    i.mew_stm32_PortARead  mew_stm32.o
    0x080056a0   0x080056a0   0x00000020   Code   RO           76    i.mew_stm32_PortAWrite  mew_stm32.o
    0x080056c0   0x080056c0   0x0000001c   Code   RO           77    i.mew_stm32_PortBRead  mew_stm32.o
    0x080056dc   0x080056dc   0x00000020   Code   RO           78    i.mew_stm32_PortBWrite  mew_stm32.o
    0x080056fc   0x080056fc   0x0000001c   Code   RO           79    i.mew_stm32_PortCRead  mew_stm32.o
    0x08005718   0x08005718   0x00000020   Code   RO           80    i.mew_stm32_PortCWrite  mew_stm32.o
    0x08005738   0x08005738   0x000000b6   Code   RO           81    i.mew_stm32_RCCInit  mew_stm32.o
    0x080057ee   0x080057ee   0x00000002   Code   RO           82    i.mew_stm32_RCCInit_Hook  mew_stm32.o
    0x080057f0   0x080057f0   0x00000074   Code   RO           84    i.mew_stm32_SystickInit  mew_stm32.o
    0x08005864   0x08005864   0x0000004c   Code   RO           85    i.mew_stm32_UART1Init  mew_stm32.o
    0x080058b0   0x080058b0   0x00000020   Code   RO           86    i.mew_stm32_UART1SendByte  mew_stm32.o
    0x080058d0   0x080058d0   0x0000004c   Code   RO           87    i.mew_stm32_UART2Init  mew_stm32.o
    0x0800591c   0x0800591c   0x00000020   Code   RO           88    i.mew_stm32_UART2SendByte  mew_stm32.o
    0x0800593c   0x0800593c   0x0000004c   Code   RO           89    i.mew_stm32_UART3Init  mew_stm32.o
    0x08005988   0x08005988   0x00000020   Code   RO           90    i.mew_stm32_UART3SendByte  mew_stm32.o
    0x080059a8   0x080059a8   0x00000088   Code   RO         4794    i.mew_stm32_UARTRecvByte_Hook  mew_board.o
    0x08005a30   0x08005a30   0x0000001c   Code   RO         4795    i.mew_stm32_UARTRecvDone_Hook  mew_board.o
    0x08005a4c   0x08005a4c   0x0000002a   Code   RO           93    i.mew_stm32_UARTSendByte  mew_stm32.o
    0x08005a76   0x08005a76   0x0000001a   Code   RO           94    i.mew_stm32_UARTSendString  mew_stm32.o
    0x08005a90   0x08005a90   0x000000f4   Code   RO         3755    i.parse_array       cjson.o
    0x08005b84   0x08005b84   0x0000005a   Code   RO         3756    i.parse_hex4        cjson.o
    0x08005bde   0x08005bde   0x00000002   PAD
    0x08005be0   0x08005be0   0x00000138   Code   RO         3757    i.parse_number      cjson.o
    0x08005d18   0x08005d18   0x0000013a   Code   RO         3758    i.parse_object      cjson.o
    0x08005e52   0x08005e52   0x0000018c   Code   RO         3759    i.parse_string      cjson.o
    0x08005fde   0x08005fde   0x00000002   PAD
    0x08005fe0   0x08005fe0   0x0000013c   Code   RO         3760    i.parse_value       cjson.o
    0x0800611c   0x0800611c   0x00000014   Code   RO         4796    i.pin_busy          mew_board.o
    0x08006130   0x08006130   0x00000014   Code   RO         4797    i.pin_io            mew_board.o
    0x08006144   0x08006144   0x000000ac   Code   RO         3761    i.print             cjson.o
    0x080061f0   0x080061f0   0x000000b2   Code   RO         3762    i.print_array       cjson.o
    0x080062a2   0x080062a2   0x00000002   PAD
    0x080062a4   0x080062a4   0x000000f4   Code   RO         3763    i.print_number      cjson.o
    0x08006398   0x08006398   0x00000174   Code   RO         3764    i.print_object      cjson.o
    0x0800650c   0x0800650c   0x00000010   Code   RO         3765    i.print_string      cjson.o
    0x0800651c   0x0800651c   0x00000174   Code   RO         3766    i.print_string_ptr  cjson.o
    0x08006690   0x08006690   0x00000110   Code   RO         3767    i.print_value       cjson.o
    0x080067a0   0x080067a0   0x00000060   Code   RO          364    i.reset             mew_m26.o
    0x08006800   0x08006800   0x0000003c   Code   RO         3769    i.skip_utf8_bom     cjson.o
    0x0800683c   0x0800683c   0x00000054   Code   RO          365    i.socketConn        mew_m26.o
    0x08006890   0x08006890   0x00000014   Code   RO          366    i.socketDisable     mew_m26.o
    0x080068a4   0x080068a4   0x00000014   Code   RO          367    i.socketEnable      mew_m26.o
    0x080068b8   0x080068b8   0x00000014   Code   RO          368    i.socketEnableGet   mew_m26.o
    0x080068cc   0x080068cc   0x00000034   Code   RO          369    i.socketPush        mew_m26.o
    0x08006900   0x08006900   0x00000074   Code   RO          370    i.socketRecv        mew_m26.o
    0x08006974   0x08006974   0x0000003c   Code   RO          371    i.socketSend        mew_m26.o
    0x080069b0   0x080069b0   0x00000014   Code   RO          372    i.socketStateClr    mew_m26.o
    0x080069c4   0x080069c4   0x00000014   Code   RO          373    i.socketStateGet    mew_m26.o
    0x080069d8   0x080069d8   0x00000014   Code   RO          374    i.socketStateSet    mew_m26.o
    0x080069ec   0x080069ec   0x000002e4   Code   RO          375    i.socket_Schedule_NoOS  mew_m26.o
    0x08006cd0   0x08006cd0   0x0000001c   Code   RO         5118    i.strtod            m_ws.l(strtod.o)
    0x08006cec   0x08006cec   0x00000006   Code   RO         3770    i.suffix_object     cjson.o
    0x08006cf2   0x08006cf2   0x00000002   PAD
    0x08006cf4   0x08006cf4   0x000000b8   Code   RO         4571    i.upTempInfo        main.o
    0x08006dac   0x08006dac   0x00000024   Code   RO         3771    i.update_offset     cjson.o
    0x08006dd0   0x08006dd0   0x0000012c   Code   RO         3772    i.utf16_literal_to_utf8  cjson.o
    0x08006efc   0x08006efc   0x0000002c   Code   RO         5337    locale$$code        c_w.l(lc_ctype_c.o)
    0x08006f28   0x08006f28   0x0000002c   Code   RO         5340    locale$$code        c_w.l(lc_numeric_c.o)
    0x08006f54   0x08006f54   0x00000062   Code   RO         5406    x$fpl$d2f           fz_ws.l(d2f.o)
    0x08006fb6   0x08006fb6   0x00000002   PAD
    0x08006fb8   0x08006fb8   0x00000010   Code   RO         5351    x$fpl$dcheck1       fz_ws.l(dcheck1.o)
    0x08006fc8   0x08006fc8   0x00000018   Code   RO         5226    x$fpl$dcmpinf       fz_ws.l(dcmpi.o)
    0x08006fe0   0x08006fe0   0x00000078   Code   RO         5061    x$fpl$deqf          fz_ws.l(deqf.o)
    0x08007058   0x08007058   0x0000005e   Code   RO         5063    x$fpl$dfix          fz_ws.l(dfix.o)
    0x080070b6   0x080070b6   0x00000002   PAD
    0x080070b8   0x080070b8   0x00000078   Code   RO         5077    x$fpl$dleqf         fz_ws.l(dleqf.o)
    0x08007130   0x08007130   0x00000154   Code   RO         5079    x$fpl$dmul          fz_ws.l(dmul.o)
    0x08007284   0x08007284   0x0000009c   Code   RO         5228    x$fpl$dnaninf       fz_ws.l(dnaninf.o)
    0x08007320   0x08007320   0x0000000c   Code   RO         5230    x$fpl$dretinf       fz_ws.l(dretinf.o)
    0x0800732c   0x0800732c   0x0000006c   Code   RO         5081    x$fpl$drleqf        fz_ws.l(drleqf.o)
    0x08007398   0x08007398   0x00000056   Code   RO         5083    x$fpl$f2d           fz_ws.l(f2d.o)
    0x080073ee   0x080073ee   0x00000002   PAD
    0x080073f0   0x080073f0   0x000000c4   Code   RO         5085    x$fpl$fadd          fz_ws.l(faddsub_clz.o)
    0x080074b4   0x080074b4   0x00000184   Code   RO         5092    x$fpl$fdiv          fz_ws.l(fdiv.o)
    0x08007638   0x08007638   0x00000026   Code   RO         5095    x$fpl$ffltu         fz_ws.l(fflt_clz.o)
    0x0800765e   0x0800765e   0x00000002   PAD
    0x08007660   0x08007660   0x00000102   Code   RO         5101    x$fpl$fmul          fz_ws.l(fmul.o)
    0x08007762   0x08007762   0x0000008c   Code   RO         5232    x$fpl$fnaninf       fz_ws.l(fnaninf.o)
    0x080077ee   0x080077ee   0x0000000a   Code   RO         5234    x$fpl$fretinf       fz_ws.l(fretinf.o)
    0x080077f8   0x080077f8   0x00000014   Code   RO         5086    x$fpl$frsb          fz_ws.l(faddsub_clz.o)
    0x0800780c   0x0800780c   0x000000ea   Code   RO         5087    x$fpl$fsub          fz_ws.l(faddsub_clz.o)
    0x080078f6   0x080078f6   0x00000006   Code   RO         5361    x$fpl$ieeestatus    fz_ws.l(istatus.o)
    0x080078fc   0x080078fc   0x00000004   Code   RO         5103    x$fpl$printf1       fz_ws.l(printf1.o)
    0x08007900   0x08007900   0x00000064   Code   RO         5408    x$fpl$retnan        fz_ws.l(retnan.o)
    0x08007964   0x08007964   0x0000005c   Code   RO         5236    x$fpl$scalbn        fz_ws.l(scalbn.o)
    0x080079c0   0x080079c0   0x00000004   Code   RO         5105    x$fpl$scanf1        fz_ws.l(scanf1.o)
    0x080079c4   0x080079c4   0x00000008   Code   RO         5363    x$fpl$scanf2        fz_ws.l(scanf2.o)
    0x080079cc   0x080079cc   0x00000030   Code   RO         5444    x$fpl$trapveneer    fz_ws.l(trapv.o)
    0x080079fc   0x080079fc   0x00000000   Code   RO         5238    x$fpl$usenofp       fz_ws.l(usenofp.o)
    0x080079fc   0x080079fc   0x00000028   Data   RO         4972    .constdata          c_w.l(_printf_hex_int.o)
    0x08007a24   0x08007a24   0x00000011   Data   RO         5007    .constdata          c_w.l(__printf_flags_ss_wp.o)
    0x08007a35   0x08007a35   0x00000003   PAD
    0x08007a38   0x08007a38   0x00000094   Data   RO         5312    .constdata          c_w.l(bigflt0.o)
    0x08007acc   0x08007acc   0x00000020   Data   RO         5488    Region$$Table       anon$$obj.o
    0x08007aec   0x08007aec   0x00000008   Data   RO         5355    c$$dinf             fz_ws.l(fpconst.o)
    0x08007af4   0x08007af4   0x00000008   Data   RO         5358    c$$dmax             fz_ws.l(fpconst.o)
    0x08007afc   0x08007afc   0x00000110   Data   RO         5336    locale$$data        c_w.l(lc_ctype_c.o)
    0x08007c0c   0x08007c0c   0x0000001c   Data   RO         5339    locale$$data        c_w.l(lc_numeric_c.o)


    Execution Region RW_IRAM1 (Exec base: 0x20000000, Load base: 0x08007c28, Size: 0x00004c50, Max: 0x00005000, ABSOLUTE)

    Exec Addr    Load Addr    Size         Type   Attr      Idx    E Section Name        Object

    0x20000000   0x08007c28   0x00000008   Data   RW           96    .data               mew_stm32.o
    0x20000008   0x08007c30   0x0000001b   Data   RW          377    .data               mew_m26.o
    0x20000023   0x08007c4b   0x00000014   Data   RW         2294    .data               stm32f10x_rcc.o
    0x20000037   0x08007c5f   0x00000001   PAD
    0x20000038   0x08007c60   0x00000014   Data   RW         3774    .data               cjson.o
    0x2000004c   0x08007c74   0x00000014   Data   RW         4524    .data               system_stm32f10x.o
    0x20000060   0x08007c88   0x00000018   Data   RW         4573    .data               main.o
    0x20000078   0x08007ca0   0x00000009   Data   RW         4799    .data               mew_board.o
    0x20000081   0x08007ca9   0x00000007   PAD
    0x20000088        -       0x00000038   Zero   RW           95    .bss                mew_stm32.o
    0x200000c0        -       0x000002f0   Zero   RW          376    .bss                mew_m26.o
    0x200003b0        -       0x00000800   Zero   RW         4572    .bss                main.o
    0x20000bb0        -       0x00001840   Zero   RW         4798    .bss                mew_board.o
    0x200023f0        -       0x00000060   Zero   RW         5269    .bss                c_w.l(libspace.o)
    0x20002450        -       0x00002000   Zero   RW         4431    HEAP                startup_stm32f10x_md.o
    0x20004450        -       0x00000800   Zero   RW         4430    STACK               startup_stm32f10x_md.o


==============================================================================

Image component sizes


      Code (inc. data)   RO Data    RW Data    ZI Data      Debug   Object Name

      4856        172          0         20          0      28631   cjson.o
         0          0          0          0          0         32   core_cm3.o
      1904        642          0         24       2048      14078   main.o
       812        142          0          9       6208       8728   mew_board.o
       232          0          0          0          0       7373   mew_buff.o
      5094       1000          0         27        752      22655   mew_m26.o
      1670        180          0          8         56     265037   mew_stm32.o
       132         22          0          0          0       2991   misc.o
        64         26        236          0      10240        780   startup_stm32f10x_md.o
       394         10          0          0          0      16393   stm32f10x_adc.o
       450          6          0          0          0      12022   stm32f10x_gpio.o
        24          0          0          0          0       3256   stm32f10x_it.o
       300         38          0         20          0      13353   stm32f10x_rcc.o
        40          0          0          0          0      21874   stm32f10x_tim.o
       442          6          0          0          0      11701   stm32f10x_usart.o
       328         28          0         20          0       2053   system_stm32f10x.o

    ----------------------------------------------------------------------
     16772       2272        268        132      19308     430957   Object Totals
         0          0         32          0          0          0   (incl. Generated)
        30          0          0          4          4          0   (incl. Padding)

    ----------------------------------------------------------------------

      Code (inc. data)   RO Data    RW Data    ZI Data      Debug   Library Member Name

        60          8          0          0          0         84   __0sscanf.o
        44          6          0          0          0         84   __2sprintf.o
         8          0          0          0          0         68   __main.o
       392          4         17          0          0         92   __printf_flags_ss_wp.o
        14          0          0          0          0         68   __printf_wp.o
         0          0          0          0          0          0   __rtentry.o
        12          0          0          0          0          0   __rtentry2.o
         6          0          0          0          0          0   __rtentry4.o
        52          8          0          0          0          0   __scatter.o
        26          0          0          0          0          0   __scatter_copy.o
        28          0          0          0          0          0   __scatter_zi.o
        28          0          0          0          0         68   _chval.o
        44          0          0          0          0        108   _printf_char.o
        48          6          0          0          0         96   _printf_char_common.o
         6          0          0          0          0          0   _printf_d.o
       120         16          0          0          0         92   _printf_dec.o
         6          0          0          0          0          0   _printf_f.o
      1054          0          0          0          0        216   _printf_fp_dec.o
       128         16          0          0          0         84   _printf_fp_infnan.o
         6          0          0          0          0          0   _printf_g.o
        88          4         40          0          0         88   _printf_hex_int.o
       178          0          0          0          0         88   _printf_intcommon.o
        78          0          0          0          0        108   _printf_pad.o
         0          0          0          0          0          0   _printf_percent.o
         4          0          0          0          0          0   _printf_percent_end.o
         6          0          0          0          0          0   _printf_s.o
        82          0          0          0          0         80   _printf_str.o
         6          0          0          0          0          0   _printf_x.o
        22          0          0          0          0        100   _rserrno.o
       884          6          0          0          0        100   _scanf.o
        64          0          0          0          0         84   _sgetc.o
        10          0          0          0          0         68   _sputc.o
       158          0          0          0          0         92   _strtoul.o
        26          0          0          0          0         80   atoi.o
       228          4        148          0          0         96   bigflt0.o
      2152        136          0          0          0        960   btod.o
        10          0          0          0          0         68   defsig_exit.o
        50          0          0          0          0         88   defsig_general.o
        80         58          0          0          0         76   defsig_rtmem_inner.o
        14          0          0          0          0         80   defsig_rtmem_outer.o
        18          0          0          0          0         80   exit.o
        94          0          0          0          0         80   h1_alloc.o
        52          0          0          0          0         68   h1_extend.o
        78          0          0          0          0         80   h1_free.o
        14          0          0          0          0         84   h1_init.o
       184          0          0          0          0         92   h1_realloc.o
         6          0          0          0          0        152   heapauxi.o
         4          0          0          0          0        136   hguard.o
         0          0          0          0          0          0   indicate_semi.o
       138          0          0          0          0        168   init_alloc.o
        18          0          0          0          0         76   isspace.o
        44         10        272          0          0         76   lc_ctype_c.o
        44         10         28          0          0         76   lc_numeric_c.o
         2          0          0          0          0          0   libinit.o
        38          0          0          0          0          0   libinit2.o
         2          0          0          0          0          0   libshutdown.o
         2          0          0          0          0          0   libshutdown2.o
         8          4          0          0         96         68   libspace.o
        38          0          0          0          0         68   llshl.o
       138          0          0          0          0         80   lludiv10.o
         0          0          0          0          0          0   maybetermalloc1.o
        88          0          0          0          0         76   memcmp.o
        16          4          0          0          0         76   rt_ctype_table.o
         8          4          0          0          0         68   rt_errno_addr_intlibspace.o
         8          4          0          0          0         68   rt_heap_descriptor_intlibspace.o
         8          4          0          0          0         68   rt_locale_intlibspace.o
        68          0          0          0          0         68   rt_memclr.o
        78          0          0          0          0         80   rt_memclr_w.o
       138          0          0          0          0         68   rt_memcpy_v6.o
       100          0          0          0          0         80   rt_memcpy_w.o
         2          0          0          0          0          0   rtexit.o
        10          0          0          0          0          0   rtexit2.o
        44          8          0          0          0         84   scanf_char.o
      1272         16          0          0          0        168   scanf_fp.o
       800         14          0          0          0        100   scanf_hexfp.o
       308         16          0          0          0        100   scanf_infnan.o
       128          0          0          0          0         68   strcmpv7m.o
        72          0          0          0          0         80   strcpy.o
        62          0          0          0          0         76   strlen.o
       150          0          0          0          0         80   strncmp.o
        36          0          0          0          0         80   strstr.o
       164         14          0          0          0        120   strtod.o
       112          0          0          0          0         88   strtol.o
        12          4          0          0          0         68   sys_exit.o
        74          0          0          0          0         80   sys_stackheap_outer.o
        14          0          0          0          0         76   sys_wrch.o
        26          0          0          0          0         76   tolower.o
         2          0          0          0          0         68   use_no_semi.o
        98          4          0          0          0         92   d2f.o
        16          4          0          0          0         68   dcheck1.o
        24          0          0          0          0         68   dcmpi.o
       120          4          0          0          0         92   deqf.o
        94          4          0          0          0         92   dfix.o
       120          4          0          0          0         92   dleqf.o
       340         12          0          0          0        104   dmul.o
       156          4          0          0          0         92   dnaninf.o
        12          0          0          0          0         68   dretinf.o
       108          0          0          0          0         80   drleqf.o
        86          4          0          0          0         84   f2d.o
       450          8          0          0          0        236   faddsub_clz.o
       388         76          0          0          0         96   fdiv.o
        38          0          0          0          0         68   fflt_clz.o
       258          4          0          0          0         84   fmul.o
       140          4          0          0          0         84   fnaninf.o
         0          0         16          0          0          0   fpconst.o
        10          0          0          0          0         68   fretinf.o
         6          0          0          0          0         68   istatus.o
         4          0          0          0          0         68   printf1.o
       100          0          0          0          0         68   retnan.o
        92          0          0          0          0         68   scalbn.o
         4          0          0          0          0         68   scanf1.o
         8          0          0          0          0         84   scanf2.o
        48          0          0          0          0         68   trapv.o
         0          0          0          0          0          0   usenofp.o
        30          6          0          0          0        136   dunder.o
        40          0          0          0          0         68   fpclassify.o
        88          8          0          0          0         76   frexp.o
       138          0          0          0          0        160   ldexp.o
       204          4          0          0          0        168   narrow.o
        28          0          0          0          0         80   strtod.o

    ----------------------------------------------------------------------
     14220        536        524          0         96       9512   Library Totals
        28          2          3          0          0          0   (incl. Padding)

    ----------------------------------------------------------------------

      Code (inc. data)   RO Data    RW Data    ZI Data      Debug   Library Name

     10944        384        505          0         96       6764   c_w.l
      2720        132         16          0          0       2060   fz_ws.l
       528         18          0          0          0        688   m_ws.l

    ----------------------------------------------------------------------
     14220        536        524          0         96       9512   Library Totals

    ----------------------------------------------------------------------

==============================================================================


      Code (inc. data)   RO Data    RW Data    ZI Data      Debug   

     30992       2808        792        132      19404     426165   Grand Totals
     30992       2808        792        132      19404     426165   ELF Image Totals
     30992       2808        792        132          0          0   ROM Totals

==============================================================================

    Total RO  Size (Code + RO Data)                31784 (  31.04kB)
    Total RW  Size (RW Data + ZI Data)             19536 (  19.08kB)
    Total ROM Size (Code + RO Data + RW Data)      31916 (  31.17kB)

==============================================================================

